Component: ARM Compiler 5.06 update 6 (build 750) Tool: armlink [4d35ed]

==============================================================================

Section Cross References

    main.o(i.fputc) refers to usic.o(i.UART_SendData) for UART_SendData
    main.o(i.main) refers to main.o(i.prvSetupHardware) for prvSetupHardware
    main.o(i.main) refers to sys_task.o(i.AppTaskCreate) for AppTaskCreate
    main.o(i.prvSetupHardware) refers to gpio.o(i.GPIO_Init) for GPIO_Init
    main.o(i.prvSetupHardware) refers to usic.o(i.UART_Init) for UART_Init
    main.o(i.prvSetupHardware) refers to irq_handle.o(i.IRQ_Enable) for IRQ_Enable
    gpio.o(i.GPIO_Init) refers to xmc4_gpio.o(i.XMC_GPIO_Init) for XMC_GPIO_Init
    gpio.o(i.GPIO_Init) refers to gpio.o(i.XMC_GPIO_SetOutputHigh) for XMC_GPIO_SetOutputHigh
    usic.o(i.UART_Init) refers to usic.o(.data) for Read_KSCFG
    irq_handle.o(i.USIC0_0_IRQHandler) refers to irq_handle.o(i.XMC_GPIO_ToggleOutput) for XMC_GPIO_ToggleOutput
    irq_handle.o(i.USIC0_0_IRQHandler) refers to var_init.o(.bss) for Receive_Data
    irq_handle.o(i.USIC0_0_IRQHandler) refers to var_init.o(.data) for Receive_Count
    sys_task.o(i.AppTaskCreate) refers to tasks.o(i.xTaskCreate) for xTaskCreate
    sys_task.o(i.AppTaskCreate) refers to printfb.o(i.__0printf$bare) for __2printf
    sys_task.o(i.AppTaskCreate) refers to tasks.o(i.vTaskStartScheduler) for vTaskStartScheduler
    sys_task.o(i.AppTaskCreate) refers to sys_task.o(.data) for AppTaskCreate_Handle
    sys_task.o(i.AppTaskCreate) refers to sys_task.o(i.AppTaskCreate_Task) for AppTaskCreate_Task
    sys_task.o(i.AppTaskCreate_Task) refers to port.o(i.vPortEnterCritical) for vPortEnterCritical
    sys_task.o(i.AppTaskCreate_Task) refers to tasks.o(i.xTaskCreate) for xTaskCreate
    sys_task.o(i.AppTaskCreate_Task) refers to printfb.o(i.__0printf$bare) for __2printf
    sys_task.o(i.AppTaskCreate_Task) refers to tasks.o(i.vTaskDelete) for vTaskDelete
    sys_task.o(i.AppTaskCreate_Task) refers to port.o(i.vPortExitCritical) for vPortExitCritical
    sys_task.o(i.AppTaskCreate_Task) refers to sys_task.o(.data) for LED1_Task_Handle
    sys_task.o(i.AppTaskCreate_Task) refers to sys_task.o(i.LED1_Task) for LED1_Task
    sys_task.o(i.AppTaskCreate_Task) refers to sys_task.o(i.LED2_Task) for LED2_Task
    sys_task.o(i.LED1_Task) refers to sys_task.o(i.XMC_GPIO_ToggleOutput) for XMC_GPIO_ToggleOutput
    sys_task.o(i.LED1_Task) refers to tasks.o(i.vTaskDelay) for vTaskDelay
    sys_task.o(i.LED2_Task) refers to sys_task.o(i.XMC_GPIO_ToggleOutput) for XMC_GPIO_ToggleOutput
    sys_task.o(i.LED2_Task) refers to tasks.o(i.vTaskDelay) for vTaskDelay
    event_groups.o(i.vEventGroupClearBitsCallback) refers to event_groups.o(i.xEventGroupClearBits) for xEventGroupClearBits
    event_groups.o(i.vEventGroupDelete) refers to tasks.o(i.vTaskSuspendAll) for vTaskSuspendAll
    event_groups.o(i.vEventGroupDelete) refers to tasks.o(i.vTaskRemoveFromUnorderedEventList) for vTaskRemoveFromUnorderedEventList
    event_groups.o(i.vEventGroupDelete) refers to heap_4.o(i.vPortFree) for vPortFree
    event_groups.o(i.vEventGroupDelete) refers to tasks.o(i.xTaskResumeAll) for xTaskResumeAll
    event_groups.o(i.vEventGroupSetBitsCallback) refers to event_groups.o(i.xEventGroupSetBits) for xEventGroupSetBits
    event_groups.o(i.xEventGroupClearBits) refers to port.o(i.vPortEnterCritical) for vPortEnterCritical
    event_groups.o(i.xEventGroupClearBits) refers to port.o(i.vPortExitCritical) for vPortExitCritical
    event_groups.o(i.xEventGroupCreate) refers to heap_4.o(i.pvPortMalloc) for pvPortMalloc
    event_groups.o(i.xEventGroupCreate) refers to list.o(i.vListInitialise) for vListInitialise
    event_groups.o(i.xEventGroupSetBits) refers to tasks.o(i.vTaskSuspendAll) for vTaskSuspendAll
    event_groups.o(i.xEventGroupSetBits) refers to tasks.o(i.vTaskRemoveFromUnorderedEventList) for vTaskRemoveFromUnorderedEventList
    event_groups.o(i.xEventGroupSetBits) refers to tasks.o(i.xTaskResumeAll) for xTaskResumeAll
    event_groups.o(i.xEventGroupSync) refers to tasks.o(i.xTaskGetSchedulerState) for xTaskGetSchedulerState
    event_groups.o(i.xEventGroupSync) refers to tasks.o(i.vTaskSuspendAll) for vTaskSuspendAll
    event_groups.o(i.xEventGroupSync) refers to event_groups.o(i.xEventGroupSetBits) for xEventGroupSetBits
    event_groups.o(i.xEventGroupSync) refers to tasks.o(i.vTaskPlaceOnUnorderedEventList) for vTaskPlaceOnUnorderedEventList
    event_groups.o(i.xEventGroupSync) refers to tasks.o(i.xTaskResumeAll) for xTaskResumeAll
    event_groups.o(i.xEventGroupSync) refers to tasks.o(i.uxTaskResetEventItemValue) for uxTaskResetEventItemValue
    event_groups.o(i.xEventGroupSync) refers to port.o(i.vPortEnterCritical) for vPortEnterCritical
    event_groups.o(i.xEventGroupSync) refers to port.o(i.vPortExitCritical) for vPortExitCritical
    event_groups.o(i.xEventGroupWaitBits) refers to tasks.o(i.xTaskGetSchedulerState) for xTaskGetSchedulerState
[...]
    printfa.o(i.__0vsprintf) refers to printfa.o(i._printf_core) for _printf_core
    printfa.o(i.__0vsprintf) refers to printfa.o(i._sputc) for _sputc
    printfa.o(i._fp_digits) refers (Special) to iusefp.o(.text) for __I$use$fp
    printfa.o(i._fp_digits) refers to dmul.o(.text) for __aeabi_dmul
    printfa.o(i._fp_digits) refers to ddiv.o(.text) for __aeabi_ddiv
    printfa.o(i._fp_digits) refers to cdrcmple.o(.text) for __aeabi_cdrcmple
    printfa.o(i._fp_digits) refers to dadd.o(.text) for __aeabi_dadd
    printfa.o(i._fp_digits) refers to dfixul.o(.text) for __aeabi_d2ulz
    printfa.o(i._fp_digits) refers to uldiv.o(.text) for __aeabi_uldivmod
    printfa.o(i._printf_core) refers (Special) to iusefp.o(.text) for __I$use$fp
    printfa.o(i._printf_core) refers to printfa.o(i._printf_pre_padding) for _printf_pre_padding
    printfa.o(i._printf_core) refers to uldiv.o(.text) for __aeabi_uldivmod
    printfa.o(i._printf_core) refers to printfa.o(i._printf_post_padding) for _printf_post_padding
    printfa.o(i._printf_core) refers to printfa.o(i._fp_digits) for _fp_digits
    printfa.o(i._printf_core) refers to uidiv.o(.text) for __aeabi_uidivmod
    printfa.o(i._printf_post_padding) refers (Special) to iusefp.o(.text) for __I$use$fp
    printfa.o(i._printf_pre_padding) refers (Special) to iusefp.o(.text) for __I$use$fp
    printfa.o(i._snputc) refers (Special) to iusefp.o(.text) for __I$use$fp
    printfa.o(i._sputc) refers (Special) to iusefp.o(.text) for __I$use$fp
    entry2.o(.ARM.Collect$$$$00000001) refers to entry2.o(.ARM.Collect$$$$00002712) for __lit__00000000
    entry2.o(.ARM.Collect$$$$00002712) refers to startup_xmc4400.o(STACK) for __initial_sp
    entry2.o(__vectab_stack_and_reset_area) refers to startup_xmc4400.o(STACK) for __initial_sp
    entry2.o(__vectab_stack_and_reset_area) refers to entry.o(.ARM.Collect$$$$00000000) for __main
    entry5.o(.ARM.Collect$$$$00000004) refers to init.o(.text) for __scatterload
    entry9a.o(.ARM.Collect$$$$0000000B) refers to main.o(i.main) for main
    entry9b.o(.ARM.Collect$$$$0000000C) refers to main.o(i.main) for main
    uldiv.o(.text) refers to llushr.o(.text) for __aeabi_llsr
    uldiv.o(.text) refers to llshl.o(.text) for __aeabi_llsl
    dadd.o(.text) refers to llshl.o(.text) for __aeabi_llsl
    dadd.o(.text) refers to llsshr.o(.text) for __aeabi_lasr
    dadd.o(.text) refers to depilogue.o(.text) for _double_epilogue
    dmul.o(.text) refers to depilogue.o(.text) for _double_epilogue
    ddiv.o(.text) refers to depilogue.o(.text) for _double_round
    dfixul.o(.text) refers to llushr.o(.text) for __aeabi_llsr
    dfixul.o(.text) refers to llshl.o(.text) for __aeabi_llsl
    init.o(.text) refers to entry5.o(.ARM.Collect$$$$00000004) for __main_after_scatterload
    depilogue.o(.text) refers to llshl.o(.text) for __aeabi_llsl
    depilogue.o(.text) refers to llushr.o(.text) for __aeabi_llsr


==============================================================================

Removing Unused input sections from the image.

    Removing main.o(.rev16_text), (4 bytes).
    Removing main.o(.revsh_text), (4 bytes).
    Removing main.o(.rrx_text), (6 bytes).
    Removing main.o(i.vApplicationIdleHook), (2 bytes).
    Removing main.o(i.vApplicationTickHook), (2 bytes).
    Removing gpio.o(.rev16_text), (4 bytes).
    Removing gpio.o(.revsh_text), (4 bytes).
    Removing gpio.o(.rrx_text), (6 bytes).
    Removing usic.o(.rev16_text), (4 bytes).
    Removing usic.o(.revsh_text), (4 bytes).
    Removing usic.o(.rrx_text), (6 bytes).
    Removing var_init.o(.rev16_text), (4 bytes).
    Removing var_init.o(.revsh_text), (4 bytes).
    Removing var_init.o(.rrx_text), (6 bytes).
    Removing irq_handle.o(.rev16_text), (4 bytes).
    Removing irq_handle.o(.revsh_text), (4 bytes).
    Removing irq_handle.o(.rrx_text), (6 bytes).
    Removing user_func.o(.rev16_text), (4 bytes).
    Removing user_func.o(.revsh_text), (4 bytes).
    Removing user_func.o(.rrx_text), (6 bytes).
    Removing sys_task.o(.rev16_text), (4 bytes).
    Removing sys_task.o(.revsh_text), (4 bytes).
    Removing sys_task.o(.rrx_text), (6 bytes).
    Removing event_groups.o(i.prvTestWaitCondition), (30 bytes).
    Removing event_groups.o(i.uxEventGroupGetNumber), (14 bytes).
    Removing event_groups.o(i.vEventGroupClearBitsCallback), (16 bytes).
    Removing event_groups.o(i.vEventGroupDelete), (106 bytes).
    Removing event_groups.o(i.vEventGroupSetBitsCallback), (16 bytes).
    Removing event_groups.o(i.vEventGroupSetNumber), (4 bytes).
    Removing event_groups.o(i.xEventGroupClearBits), (92 bytes).
    Removing event_groups.o(i.xEventGroupCreate), (26 bytes).
    Removing event_groups.o(i.xEventGroupGetBitsFromISR), (44 bytes).
    Removing event_groups.o(i.xEventGroupSetBits), (206 bytes).
    Removing event_groups.o(i.xEventGroupSync), (272 bytes).
    Removing event_groups.o(i.xEventGroupWaitBits), (344 bytes).
    Removing queue.o(i.pcQueueGetName), (68 bytes).
    Removing queue.o(i.prvGetDisinheritPriorityAfterTimeout), (20 bytes).
    Removing queue.o(i.prvInitialiseMutex), (30 bytes).
    Removing queue.o(i.ucQueueGetQueueType), (8 bytes).
    Removing queue.o(i.uxQueueGetQueueNumber), (6 bytes).
    Removing queue.o(i.uxQueueMessagesWaiting), (42 bytes).
    Removing queue.o(i.uxQueueMessagesWaitingFromISR), (34 bytes).
    Removing queue.o(i.uxQueueSpacesAvailable), (48 bytes).
    Removing queue.o(i.vQueueDelete), (44 bytes).
    Removing queue.o(i.vQueueSetQueueNumber), (4 bytes).
    Removing queue.o(i.vQueueUnregisterQueue), (72 bytes).
    Removing queue.o(i.xQueueCreateCountingSemaphore), (92 bytes).
    Removing queue.o(i.xQueueCreateMutex), (34 bytes).
    Removing queue.o(i.xQueueGiveFromISR), (260 bytes).
    Removing queue.o(i.xQueueGiveMutexRecursive), (72 bytes).
    Removing queue.o(i.xQueueIsQueueEmptyFromISR), (42 bytes).
    Removing queue.o(i.xQueueIsQueueFullFromISR), (46 bytes).
    Removing queue.o(i.xQueuePeek), (368 bytes).
    Removing queue.o(i.xQueuePeekFromISR), (176 bytes).
    Removing queue.o(i.xQueueReceiveFromISR), (238 bytes).
    Removing queue.o(i.xQueueSemaphoreTake), (440 bytes).
    Removing queue.o(i.xQueueTakeMutexRecursive), (78 bytes).
    Removing tasks.o(i.eTaskGetState), (164 bytes).
    Removing tasks.o(i.pcTaskGetName), (48 bytes).
    Removing tasks.o(i.prvListTasksWithinSingleList), (106 bytes).
    Removing tasks.o(i.prvTaskCheckFreeStackSpace), (22 bytes).
    Removing tasks.o(i.prvTaskIsTaskSuspended), (88 bytes).
    Removing tasks.o(i.pvTaskIncrementMutexHeldCount), (32 bytes).
    Removing tasks.o(i.ulTaskGenericNotifyTake), (168 bytes).
    Removing tasks.o(i.ulTaskGenericNotifyValueClear), (64 bytes).
    Removing tasks.o(i.uxTaskGetNumberOfTasks), (12 bytes).
    Removing tasks.o(i.uxTaskGetSystemState), (176 bytes).
    Removing tasks.o(i.uxTaskGetTaskNumber), (14 bytes).
    Removing tasks.o(i.uxTaskPriorityGet), (36 bytes).
    Removing tasks.o(i.uxTaskPriorityGetFromISR), (68 bytes).
    Removing tasks.o(i.uxTaskResetEventItemValue), (28 bytes).
    Removing tasks.o(i.vTaskEndScheduler), (36 bytes).
    Removing tasks.o(i.vTaskGenericNotifyGiveFromISR), (292 bytes).
    Removing tasks.o(i.vTaskGetInfo), (132 bytes).
    Removing tasks.o(i.vTaskPlaceOnUnorderedEventList), (108 bytes).
    Removing tasks.o(i.vTaskPriorityDisinheritAfterTimeout), (228 bytes).
    Removing tasks.o(i.vTaskPrioritySet), (276 bytes).
    Removing tasks.o(i.vTaskRemoveFromUnorderedEventList), (164 bytes).
    Removing tasks.o(i.vTaskResume), (144 bytes).
    Removing tasks.o(i.vTaskSetTaskNumber), (8 bytes).
    Removing tasks.o(i.vTaskSetTimeOutState), (60 bytes).
    Removing tasks.o(i.vTaskSuspend), (256 bytes).
    Removing tasks.o(i.xTaskCatchUpTicks), (72 bytes).
    Removing tasks.o(i.xTaskDelayUntil), (216 bytes).
    Removing tasks.o(i.xTaskGenericNotify), (384 bytes).
    Removing tasks.o(i.xTaskGenericNotifyFromISR), (440 bytes).
    Removing tasks.o(i.xTaskGenericNotifyStateClear), (96 bytes).
    Removing tasks.o(i.xTaskGenericNotifyWait), (204 bytes).
    Removing tasks.o(i.xTaskGetCurrentTaskHandle), (12 bytes).
    Removing tasks.o(i.xTaskGetTickCountFromISR), (20 bytes).
    Removing tasks.o(i.xTaskPriorityInherit), (184 bytes).
    Removing tasks.o(i.xTaskResumeFromISR), (188 bytes).
    Removing timers.o(i.pcTimerGetName), (32 bytes).
    Removing timers.o(i.prvInitialiseNewTimer), (88 bytes).
    Removing timers.o(i.pvTimerGetTimerID), (44 bytes).
    Removing timers.o(i.uxTimerGetReloadMode), (58 bytes).
    Removing timers.o(i.uxTimerGetTimerNumber), (6 bytes).
    Removing timers.o(i.vTimerSetReloadMode), (70 bytes).
    Removing timers.o(i.vTimerSetTimerID), (44 bytes).
    Removing timers.o(i.vTimerSetTimerNumber), (4 bytes).
    Removing timers.o(i.xTimerCreate), (54 bytes).
    Removing timers.o(i.xTimerGetExpiryTime), (34 bytes).
    Removing timers.o(i.xTimerGetPeriod), (32 bytes).
    Removing timers.o(i.xTimerGetTimerDaemonTaskHandle), (48 bytes).
    Removing timers.o(i.xTimerIsTimerActive), (58 bytes).
    Removing heap_4.o(i.vPortGetHeapStats), (128 bytes).
    Removing heap_4.o(i.vPortInitialiseBlocks), (2 bytes).
    Removing heap_4.o(i.xPortGetFreeHeapSize), (12 bytes).
    Removing heap_4.o(i.xPortGetMinimumEverFreeHeapSize), (12 bytes).
    Removing port.o(i.vPortEndScheduler), (48 bytes).
    Removing xmc4_gpio.o(.rev16_text), (4 bytes).
    Removing xmc4_gpio.o(.revsh_text), (4 bytes).
    Removing xmc4_gpio.o(.rrx_text), (6 bytes).
    Removing xmc4_gpio.o(i.XMC_GPIO_SetOutputStrength), (64 bytes).
    Removing xmc4_scu.o(.rev16_text), (4 bytes).
    Removing xmc4_scu.o(.revsh_text), (4 bytes).
    Removing xmc4_scu.o(.rrx_text), (6 bytes).
    Removing xmc4_scu.o(i.XMC_SCU_CLOCK_DisableClock), (12 bytes).
    Removing xmc4_scu.o(i.XMC_SCU_CLOCK_DisableHighPerformanceOscillator), (20 bytes).
    Removing xmc4_scu.o(i.XMC_SCU_CLOCK_DisableHighPerformanceOscillatorGeneralPurposeInput), (20 bytes).
    Removing xmc4_scu.o(i.XMC_SCU_CLOCK_DisableLowPowerOscillator), (40 bytes).
    Removing xmc4_scu.o(i.XMC_SCU_CLOCK_DisableLowPowerOscillatorGeneralPurposeInput), (44 bytes).
    Removing xmc4_scu.o(i.XMC_SCU_CLOCK_DisableSystemPll), (24 bytes).
    Removing xmc4_scu.o(i.XMC_SCU_CLOCK_DisableUsbPll), (24 bytes).
    Removing xmc4_scu.o(i.XMC_SCU_CLOCK_EnableClock), (12 bytes).
    Removing xmc4_scu.o(i.XMC_SCU_CLOCK_EnableHighPerformanceOscillator), (72 bytes).
    Removing xmc4_scu.o(i.XMC_SCU_CLOCK_EnableHighPerformanceOscillatorGeneralPurposeInput), (20 bytes).
    Removing xmc4_scu.o(i.XMC_SCU_CLOCK_EnableLowPowerOscillator), (116 bytes).
    Removing xmc4_scu.o(i.XMC_SCU_CLOCK_EnableLowPowerOscillatorGeneralPurposeInput), (40 bytes).
    Removing xmc4_scu.o(i.XMC_SCU_CLOCK_EnableSystemPll), (24 bytes).
    Removing xmc4_scu.o(i.XMC_SCU_CLOCK_EnableUsbPll), (24 bytes).
    Removing xmc4_scu.o(i.XMC_SCU_CLOCK_GatePeripheralClock), (24 bytes).
    Removing xmc4_scu.o(i.XMC_SCU_CLOCK_GetCcuClockFrequency), (28 bytes).
    Removing xmc4_scu.o(i.XMC_SCU_CLOCK_GetExternalOutputClockFrequency), (84 bytes).
    Removing xmc4_scu.o(i.XMC_SCU_CLOCK_GetHighPerformanceOscillatorGeneralPurposeInputStatus), (16 bytes).
    Removing xmc4_scu.o(i.XMC_SCU_CLOCK_GetLowPowerOscillatorGeneralPurposeInputStatus), (16 bytes).
    Removing xmc4_scu.o(i.XMC_SCU_CLOCK_GetPeripheralClockFrequency), (28 bytes).
    Removing xmc4_scu.o(i.XMC_SCU_CLOCK_GetSystemClockFrequency), (24 bytes).
    Removing xmc4_scu.o(i.XMC_SCU_CLOCK_GetSystemPllClockFrequency), (96 bytes).
    Removing xmc4_scu.o(i.XMC_SCU_CLOCK_GetSystemPllClockSourceFrequency), (32 bytes).
    Removing xmc4_scu.o(i.XMC_SCU_CLOCK_GetUsbClockFrequency), (60 bytes).
    Removing xmc4_scu.o(i.XMC_SCU_CLOCK_GetUsbPllClockFrequency), (60 bytes).
    Removing xmc4_scu.o(i.XMC_SCU_CLOCK_GetWdtClockFrequency), (68 bytes).
    Removing xmc4_scu.o(i.XMC_SCU_CLOCK_Init), (160 bytes).
    Removing xmc4_scu.o(i.XMC_SCU_CLOCK_IsClockEnabled), (24 bytes).
    Removing xmc4_scu.o(i.XMC_SCU_CLOCK_IsHighPerformanceOscillatorStable), (28 bytes).
    Removing xmc4_scu.o(i.XMC_SCU_CLOCK_IsLowPowerOscillatorStable), (16 bytes).
    Removing xmc4_scu.o(i.XMC_SCU_CLOCK_IsPeripheralClockGated), (36 bytes).
    Removing xmc4_scu.o(i.XMC_SCU_CLOCK_IsSystemPllLocked), (16 bytes).
    Removing xmc4_scu.o(i.XMC_SCU_CLOCK_IsUsbPllLocked), (16 bytes).
    Removing xmc4_scu.o(i.XMC_SCU_CLOCK_SetBackupClockCalibrationMode), (60 bytes).
    Removing xmc4_scu.o(i.XMC_SCU_CLOCK_SetCcuClockDivider), (24 bytes).
    Removing xmc4_scu.o(i.XMC_SCU_CLOCK_SetCpuClockDivider), (24 bytes).
    Removing xmc4_scu.o(i.XMC_SCU_CLOCK_SetExternalOutputClockDivider), (28 bytes).
    Removing xmc4_scu.o(i.XMC_SCU_CLOCK_SetExternalOutputClockSource), (20 bytes).
    Removing xmc4_scu.o(i.XMC_SCU_CLOCK_SetPeripheralClockDivider), (24 bytes).
    Removing xmc4_scu.o(i.XMC_SCU_CLOCK_SetSystemClockDivider), (24 bytes).
    Removing xmc4_scu.o(i.XMC_SCU_CLOCK_SetSystemClockSource), (20 bytes).
    Removing xmc4_scu.o(i.XMC_SCU_CLOCK_SetSystemPllClockSource), (40 bytes).
    Removing xmc4_scu.o(i.XMC_SCU_CLOCK_SetUsbClockDivider), (24 bytes).
    Removing xmc4_scu.o(i.XMC_SCU_CLOCK_SetUsbClockSource), (20 bytes).
    Removing xmc4_scu.o(i.XMC_SCU_CLOCK_SetWdtClockDivider), (24 bytes).
    Removing xmc4_scu.o(i.XMC_SCU_CLOCK_SetWdtClockSource), (20 bytes).
    Removing xmc4_scu.o(i.XMC_SCU_CLOCK_StartSystemPll), (308 bytes).
    Removing xmc4_scu.o(i.XMC_SCU_CLOCK_StartUsbPll), (88 bytes).
    Removing xmc4_scu.o(i.XMC_SCU_CLOCK_StepSystemPllFrequency), (36 bytes).
    Removing xmc4_scu.o(i.XMC_SCU_CLOCK_StopSystemPll), (20 bytes).
    Removing xmc4_scu.o(i.XMC_SCU_CLOCK_StopUsbPll), (16 bytes).
    Removing xmc4_scu.o(i.XMC_SCU_CLOCK_UngatePeripheralClock), (24 bytes).
    Removing xmc4_scu.o(i.XMC_SCU_CalibrateTemperatureSensor), (20 bytes).
    Removing xmc4_scu.o(i.XMC_SCU_DisableOutOfRangeComparator), (24 bytes).
    Removing xmc4_scu.o(i.XMC_SCU_DisableTemperatureSensor), (24 bytes).
    Removing xmc4_scu.o(i.XMC_SCU_EnableOutOfRangeComparator), (24 bytes).
    Removing xmc4_scu.o(i.XMC_SCU_EnableTemperatureSensor), (24 bytes).
    Removing xmc4_scu.o(i.XMC_SCU_GetBootMode), (16 bytes).
    Removing xmc4_scu.o(i.XMC_SCU_GetTemperatureMeasurement), (32 bytes).
    Removing xmc4_scu.o(i.XMC_SCU_HIB_ClearEventStatus), (28 bytes).
    Removing xmc4_scu.o(i.XMC_SCU_HIB_DisableEvent), (112 bytes).
    Removing xmc4_scu.o(i.XMC_SCU_HIB_DisableHibernateDomain), (24 bytes).
    Removing xmc4_scu.o(i.XMC_SCU_HIB_DisableInternalSlowClock), (40 bytes).
    Removing xmc4_scu.o(i.XMC_SCU_HIB_EnableEvent), (112 bytes).
    Removing xmc4_scu.o(i.XMC_SCU_HIB_EnableHibernateDomain), (76 bytes).
    Removing xmc4_scu.o(i.XMC_SCU_HIB_EnableInternalSlowClock), (40 bytes).
    Removing xmc4_scu.o(i.XMC_SCU_HIB_EnterHibernateState), (40 bytes).
    Removing xmc4_scu.o(i.XMC_SCU_HIB_EnterHibernateStateEx), (44 bytes).
    Removing xmc4_scu.o(i.XMC_SCU_HIB_IsHibernateDomainEnabled), (36 bytes).
    Removing xmc4_scu.o(i.XMC_SCU_HIB_LPAC_ClearStatus), (28 bytes).
    Removing xmc4_scu.o(i.XMC_SCU_HIB_LPAC_GetStatus), (12 bytes).
    Removing xmc4_scu.o(i.XMC_SCU_HIB_LPAC_SetHIBIO0Thresholds), (48 bytes).
    Removing xmc4_scu.o(i.XMC_SCU_HIB_LPAC_SetHIBIO1Thresholds), (52 bytes).
    Removing xmc4_scu.o(i.XMC_SCU_HIB_LPAC_SetInput), (44 bytes).
    Removing xmc4_scu.o(i.XMC_SCU_HIB_LPAC_SetTiming), (64 bytes).
    Removing xmc4_scu.o(i.XMC_SCU_HIB_LPAC_SetTrigger), (44 bytes).
    Removing xmc4_scu.o(i.XMC_SCU_HIB_LPAC_SetVBATThresholds), (32 bytes).
    Removing xmc4_scu.o(i.XMC_SCU_HIB_LPAC_TriggerCompare), (28 bytes).
    Removing xmc4_scu.o(i.XMC_SCU_HIB_SetInput0), (60 bytes).
    Removing xmc4_scu.o(i.XMC_SCU_HIB_SetPinMode), (56 bytes).
    Removing xmc4_scu.o(i.XMC_SCU_HIB_SetPinOutputLevel), (52 bytes).
    Removing xmc4_scu.o(i.XMC_SCU_HIB_SetRtcClockSource), (44 bytes).
    Removing xmc4_scu.o(i.XMC_SCU_HIB_SetSR0Input), (44 bytes).
    Removing xmc4_scu.o(i.XMC_SCU_HIB_SetSR1Input), (44 bytes).
    Removing xmc4_scu.o(i.XMC_SCU_HIB_SetStandbyClockSource), (44 bytes).
    Removing xmc4_scu.o(i.XMC_SCU_HIB_SetWakeupTriggerInput), (60 bytes).
    Removing xmc4_scu.o(i.XMC_SCU_HIB_TriggerEvent), (28 bytes).
    Removing xmc4_scu.o(i.XMC_SCU_HighTemperature), (40 bytes).
    Removing xmc4_scu.o(i.XMC_SCU_INTERRUPT_ClearEventStatus), (12 bytes).
    Removing xmc4_scu.o(i.XMC_SCU_INTERRUPT_DisableEvent), (16 bytes).
    Removing xmc4_scu.o(i.XMC_SCU_INTERRUPT_DisableNmiRequest), (20 bytes).
    Removing xmc4_scu.o(i.XMC_SCU_INTERRUPT_EnableEvent), (16 bytes).
    Removing xmc4_scu.o(i.XMC_SCU_INTERRUPT_EnableNmiRequest), (20 bytes).
    Removing xmc4_scu.o(i.XMC_SCU_INTERRUPT_SetEventHandler), (48 bytes).
    Removing xmc4_scu.o(i.XMC_SCU_INTERRUPT_TriggerEvent), (20 bytes).
    Removing xmc4_scu.o(i.XMC_SCU_INTERUPT_GetEventStatus), (12 bytes).
    Removing xmc4_scu.o(i.XMC_SCU_IRQHandler), (64 bytes).
    Removing xmc4_scu.o(i.XMC_SCU_IsTemperatureSensorBusy), (16 bytes).
    Removing xmc4_scu.o(i.XMC_SCU_IsTemperatureSensorEnabled), (20 bytes).
    Removing xmc4_scu.o(i.XMC_SCU_IsTemperatureSensorReady), (16 bytes).
    Removing xmc4_scu.o(i.XMC_SCU_LowTemperature), (40 bytes).
    Removing xmc4_scu.o(i.XMC_SCU_PARITY_ClearStatus), (24 bytes).
    Removing xmc4_scu.o(i.XMC_SCU_PARITY_Disable), (24 bytes).
    Removing xmc4_scu.o(i.XMC_SCU_PARITY_DisableTrapGeneration), (24 bytes).
    Removing xmc4_scu.o(i.XMC_SCU_PARITY_Enable), (24 bytes).
    Removing xmc4_scu.o(i.XMC_SCU_PARITY_EnableTrapGeneration), (24 bytes).
    Removing xmc4_scu.o(i.XMC_SCU_PARITY_GetStatus), (12 bytes).
    Removing xmc4_scu.o(i.XMC_SCU_POWER_DisableUsb), (16 bytes).
    Removing xmc4_scu.o(i.XMC_SCU_POWER_EnableUsb), (16 bytes).
    Removing xmc4_scu.o(i.XMC_SCU_POWER_GetEVR13Voltage), (32 bytes).
    Removing xmc4_scu.o(i.XMC_SCU_POWER_GetEVR33Voltage), (36 bytes).
    Removing xmc4_scu.o(i.XMC_SCU_RESET_AssertPeripheralReset), (24 bytes).
    Removing xmc4_scu.o(i.XMC_SCU_RESET_DeassertPeripheralReset), (24 bytes).
    Removing xmc4_scu.o(i.XMC_SCU_RESET_IsPeripheralResetAsserted), (36 bytes).
    Removing xmc4_scu.o(i.XMC_SCU_ReadFromRetentionMemory), (48 bytes).
    Removing xmc4_scu.o(i.XMC_SCU_ReadGPR), (16 bytes).
    Removing xmc4_scu.o(i.XMC_SCU_SetBootMode), (12 bytes).
    Removing xmc4_scu.o(i.XMC_SCU_SetRawTempLimits), (64 bytes).
    Removing xmc4_scu.o(i.XMC_SCU_StartTemperatureMeasurement), (44 bytes).
    Removing xmc4_scu.o(i.XMC_SCU_TRAP_ClearStatus), (12 bytes).
    Removing xmc4_scu.o(i.XMC_SCU_TRAP_Disable), (24 bytes).
    Removing xmc4_scu.o(i.XMC_SCU_TRAP_Enable), (24 bytes).
    Removing xmc4_scu.o(i.XMC_SCU_TRAP_GetStatus), (12 bytes).
    Removing xmc4_scu.o(i.XMC_SCU_TRAP_Trigger), (12 bytes).
    Removing xmc4_scu.o(i.XMC_SCU_WriteGPR), (12 bytes).
    Removing xmc4_scu.o(i.XMC_SCU_WriteToRetentionMemory), (48 bytes).
    Removing xmc4_scu.o(i.XMC_SCU_lDelay), (44 bytes).
    Removing xmc4_scu.o(.bss), (128 bytes).
    Removing xmc_common.o(.rev16_text), (4 bytes).
    Removing xmc_common.o(.revsh_text), (4 bytes).
    Removing xmc_common.o(.rrx_text), (6 bytes).
    Removing xmc_common.o(i.XMC_LIST_Add), (28 bytes).
    Removing xmc_common.o(i.XMC_LIST_GetHead), (6 bytes).
    Removing xmc_common.o(i.XMC_LIST_GetTail), (24 bytes).
    Removing xmc_common.o(i.XMC_LIST_Init), (6 bytes).
    Removing xmc_common.o(i.XMC_LIST_Insert), (18 bytes).
    Removing xmc_common.o(i.XMC_LIST_Remove), (50 bytes).
    Removing xmc_common.o(i.XMC_PRIOARRAY_Add), (128 bytes).
    Removing xmc_common.o(i.XMC_PRIOARRAY_Init), (106 bytes).
    Removing xmc_common.o(i.XMC_PRIOARRAY_Remove), (52 bytes).
    Removing xmc_dac.o(.rev16_text), (4 bytes).
    Removing xmc_dac.o(.revsh_text), (4 bytes).
    Removing xmc_dac.o(.rrx_text), (6 bytes).
    Removing xmc_dac.o(i.XMC_DAC_CH_Init), (62 bytes).
    Removing xmc_dac.o(i.XMC_DAC_CH_SetFrequency), (62 bytes).
    Removing xmc_dac.o(i.XMC_DAC_CH_SetMode), (22 bytes).
    Removing xmc_dac.o(i.XMC_DAC_CH_SetPattern), (72 bytes).
    Removing xmc_dac.o(i.XMC_DAC_CH_SetRampFrequency), (50 bytes).
    Removing xmc_dac.o(i.XMC_DAC_CH_SetTrigger), (26 bytes).
    Removing xmc_dac.o(i.XMC_DAC_CH_StartDataMode), (68 bytes).
    Removing xmc_dac.o(i.XMC_DAC_CH_StartNoiseMode), (68 bytes).
    Removing xmc_dac.o(i.XMC_DAC_CH_StartPatternMode), (138 bytes).
    Removing xmc_dac.o(i.XMC_DAC_CH_StartRampMode), (120 bytes).
    Removing xmc_dac.o(i.XMC_DAC_CH_StartSingleValueMode), (22 bytes).
    Removing xmc_dac.o(i.XMC_DAC_Disable), (24 bytes).
    Removing xmc_dac.o(i.XMC_DAC_Enable), (24 bytes).
    Removing xmc_dac.o(i.XMC_DAC_IsEnabled), (28 bytes).
    Removing xmc_gpio.o(.rev16_text), (4 bytes).
    Removing xmc_gpio.o(.revsh_text), (4 bytes).
    Removing xmc_gpio.o(.rrx_text), (6 bytes).
    Removing xmc_gpio.o(i.XMC_GPIO_SetHardwareControl), (28 bytes).
    Removing xmc_gpio.o(i.XMC_GPIO_SetMode), (64 bytes).
    Removing xmc_uart.o(.rev16_text), (4 bytes).
    Removing xmc_uart.o(.revsh_text), (4 bytes).
    Removing xmc_uart.o(.rrx_text), (6 bytes).
    Removing xmc_uart.o(i.XMC_UART_CH_DisableEvent), (22 bytes).
    Removing xmc_uart.o(i.XMC_UART_CH_EnableEvent), (22 bytes).
    Removing xmc_uart.o(i.XMC_UART_CH_GetReceivedData), (26 bytes).
    Removing xmc_uart.o(i.XMC_UART_CH_Init), (116 bytes).
    Removing xmc_uart.o(i.XMC_UART_CH_SetBaudrate), (46 bytes).
    Removing xmc_uart.o(i.XMC_UART_CH_Stop), (52 bytes).
    Removing xmc_uart.o(i.XMC_UART_CH_Transmit), (44 bytes).
    Removing xmc_usic.o(.rev16_text), (4 bytes).
    Removing xmc_usic.o(.revsh_text), (4 bytes).
    Removing xmc_usic.o(.rrx_text), (6 bytes).
    Removing xmc_usic.o(i.XMC_USIC_CH_ConfigExternalInputSignalToBRG), (72 bytes).
    Removing xmc_usic.o(i.XMC_USIC_CH_Disable), (14 bytes).
    Removing xmc_usic.o(i.XMC_USIC_CH_Enable), (88 bytes).
    Removing xmc_usic.o(i.XMC_USIC_CH_RXFIFO_Configure), (48 bytes).
    Removing xmc_usic.o(i.XMC_USIC_CH_RXFIFO_SetInterruptNodePointer), (24 bytes).
    Removing xmc_usic.o(i.XMC_USIC_CH_RXFIFO_SetSizeTriggerLimit), (34 bytes).
    Removing xmc_usic.o(i.XMC_USIC_CH_SetBaudrate), (152 bytes).
    Removing xmc_usic.o(i.XMC_USIC_CH_SetInterruptNodePointer), (20 bytes).
    Removing xmc_usic.o(i.XMC_USIC_CH_TXFIFO_Configure), (44 bytes).
    Removing xmc_usic.o(i.XMC_USIC_CH_TXFIFO_SetInterruptNodePointer), (24 bytes).
    Removing xmc_usic.o(i.XMC_USIC_CH_TXFIFO_SetSizeTriggerLimit), (34 bytes).
    Removing xmc_usic.o(i.XMC_USIC_Disable), (56 bytes).
    Removing xmc_usic.o(i.XMC_USIC_Enable), (56 bytes).
    Removing startup_xmc4400.o(HEAP), (512 bytes).
    Removing system_xmc4400.o(.rev16_text), (4 bytes).
    Removing system_xmc4400.o(.revsh_text), (4 bytes).
    Removing system_xmc4400.o(.rrx_text), (6 bytes).
    Removing dadd.o(.text), (334 bytes).
    Removing dmul.o(.text), (228 bytes).
    Removing ddiv.o(.text), (222 bytes).
    Removing dfixul.o(.text), (48 bytes).
    Removing cdrcmple.o(.text), (48 bytes).
    Removing depilogue.o(.text), (186 bytes).

315 unused section(s) (total 17702 bytes) removed from the image.

==============================================================================

Image Symbol Table

    Local Symbols

    Symbol Name                              Value     Ov Type        Size  Object(Section)

    ../clib/microlib/division.c              0x00000000   Number         0  uldiv.o ABSOLUTE
    ../clib/microlib/division.c              0x00000000   Number         0  uidiv.o ABSOLUTE
    ../clib/microlib/init/entry.s            0x00000000   Number         0  entry11a.o ABSOLUTE
    ../clib/microlib/init/entry.s            0x00000000   Number         0  entry.o ABSOLUTE
    ../clib/microlib/init/entry.s            0x00000000   Number         0  entry8a.o ABSOLUTE
    ../clib/microlib/init/entry.s            0x00000000   Number         0  entry8b.o ABSOLUTE
    ../clib/microlib/init/entry.s            0x00000000   Number         0  entry11b.o ABSOLUTE
    ../clib/microlib/init/entry.s            0x00000000   Number         0  entry9a.o ABSOLUTE
    ../clib/microlib/init/entry.s            0x00000000   Number         0  entry5.o ABSOLUTE
    ../clib/microlib/init/entry.s            0x00000000   Number         0  entry10b.o ABSOLUTE
    ../clib/microlib/init/entry.s            0x00000000   Number         0  entry9b.o ABSOLUTE
    ../clib/microlib/init/entry.s            0x00000000   Number         0  entry10a.o ABSOLUTE
    ../clib/microlib/init/entry.s            0x00000000   Number         0  entry2.o ABSOLUTE
    ../clib/microlib/init/entry.s            0x00000000   Number         0  entry7a.o ABSOLUTE
    ../clib/microlib/init/entry.s            0x00000000   Number         0  entry7b.o ABSOLUTE
    ../clib/microlib/longlong.c              0x00000000   Number         0  llshl.o ABSOLUTE
    ../clib/microlib/longlong.c              0x00000000   Number         0  llushr.o ABSOLUTE
    ../clib/microlib/longlong.c              0x00000000   Number         0  llsshr.o ABSOLUTE
    ../clib/microlib/printf/printf.c         0x00000000   Number         0  printfb.o ABSOLUTE
    ../clib/microlib/printf/printf.c         0x00000000   Number         0  printf4.o ABSOLUTE
    ../clib/microlib/printf/printf.c         0x00000000   Number         0  printf0.o ABSOLUTE
    ../clib/microlib/printf/printf.c         0x00000000   Number         0  printf5.o ABSOLUTE
    ../clib/microlib/printf/printf.c         0x00000000   Number         0  printf8.o ABSOLUTE
    ../clib/microlib/printf/printf.c         0x00000000   Number         0  printf6.o ABSOLUTE
    ../clib/microlib/printf/printf.c         0x00000000   Number         0  printf7.o ABSOLUTE
    ../clib/microlib/printf/printf.c         0x00000000   Number         0  printfa.o ABSOLUTE
    ../clib/microlib/printf/printf.c         0x00000000   Number         0  printf3.o ABSOLUTE
    ../clib/microlib/printf/printf.c         0x00000000   Number         0  printf2.o ABSOLUTE
    ../clib/microlib/printf/printf.c         0x00000000   Number         0  printf1.o ABSOLUTE
    ../clib/microlib/stdio/streams.c         0x00000000   Number         0  stdout.o ABSOLUTE
    ../clib/microlib/string/memcpy.c         0x00000000   Number         0  memcpyb.o ABSOLUTE
    ../clib/microlib/string/memcpy.c         0x00000000   Number         0  memcpya.o ABSOLUTE
    ../clib/microlib/string/memset.c         0x00000000   Number         0  memseta.o ABSOLUTE
    ../clib/microlib/stubs.s                 0x00000000   Number         0  iusefp.o ABSOLUTE
    ../fplib/microlib/fpadd.c                0x00000000   Number         0  dadd.o ABSOLUTE
    ../fplib/microlib/fpdiv.c                0x00000000   Number         0  ddiv.o ABSOLUTE
    ../fplib/microlib/fpepilogue.c           0x00000000   Number         0  depilogue.o ABSOLUTE
    ../fplib/microlib/fpfix.c                0x00000000   Number         0  dfixul.o ABSOLUTE
    ../fplib/microlib/fpmul.c                0x00000000   Number         0  dmul.o ABSOLUTE
    D:\\keil_v5\\ARM\\PACK\\Infineon\\XMC4000_DFP\\2.11.0\\Device\\XMClib\\src\\xmc4_gpio.c 0x00000000   Number         0  xmc4_gpio.o ABSOLUTE
    D:\\keil_v5\\ARM\\PACK\\Infineon\\XMC4000_DFP\\2.11.0\\Device\\XMClib\\src\\xmc4_scu.c 0x00000000   Number         0  xmc4_scu.o ABSOLUTE
    D:\\keil_v5\\ARM\\PACK\\Infineon\\XMC4000_DFP\\2.11.0\\Device\\XMClib\\src\\xmc_common.c 0x00000000   Number         0  xmc_common.o ABSOLUTE
    D:\\keil_v5\\ARM\\PACK\\Infineon\\XMC4000_DFP\\2.11.0\\Device\\XMClib\\src\\xmc_dac.c 0x00000000   Number         0  xmc_dac.o ABSOLUTE
    D:\\keil_v5\\ARM\\PACK\\Infineon\\XMC4000_DFP\\2.11.0\\Device\\XMClib\\src\\xmc_gpio.c 0x00000000   Number         0  xmc_gpio.o ABSOLUTE
    D:\\keil_v5\\ARM\\PACK\\Infineon\\XMC4000_DFP\\2.11.0\\Device\\XMClib\\src\\xmc_uart.c 0x00000000   Number         0  xmc_uart.o ABSOLUTE
    D:\\keil_v5\\ARM\\PACK\\Infineon\\XMC4000_DFP\\2.11.0\\Device\\XMClib\\src\\xmc_usic.c 0x00000000   Number         0  xmc_usic.o ABSOLUTE
    D:\keil_v5\ARM\PACK\Infineon\XMC4000_DFP\2.11.0\Device\XMClib\src\xmc4_gpio.c 0x00000000   Number         0  xmc4_gpio.o ABSOLUTE
    D:\keil_v5\ARM\PACK\Infineon\XMC4000_DFP\2.11.0\Device\XMClib\src\xmc4_scu.c 0x00000000   Number         0  xmc4_scu.o ABSOLUTE
    D:\keil_v5\ARM\PACK\Infineon\XMC4000_DFP\2.11.0\Device\XMClib\src\xmc_common.c 0x00000000   Number         0  xmc_common.o ABSOLUTE
    D:\keil_v5\ARM\PACK\Infineon\XMC4000_DFP\2.11.0\Device\XMClib\src\xmc_dac.c 0x00000000   Number         0  xmc_dac.o ABSOLUTE
    D:\keil_v5\ARM\PACK\Infineon\XMC4000_DFP\2.11.0\Device\XMClib\src\xmc_gpio.c 0x00000000   Number         0  xmc_gpio.o ABSOLUTE
    D:\keil_v5\ARM\PACK\Infineon\XMC4000_DFP\2.11.0\Device\XMClib\src\xmc_uart.c 0x00000000   Number         0  xmc_uart.o ABSOLUTE
    D:\keil_v5\ARM\PACK\Infineon\XMC4000_DFP\2.11.0\Device\XMClib\src\xmc_usic.c 0x00000000   Number         0  xmc_usic.o ABSOLUTE
    FreeRTOS\\port\\RVDS\\ARM_CM4F\\port.c   0x00000000   Number         0  port.o ABSOLUTE
    FreeRTOS\port\MemMang\heap_4.c           0x00000000   Number         0  heap_4.o ABSOLUTE
    FreeRTOS\port\RVDS\ARM_CM4F\port.c       0x00000000   Number         0  port.o ABSOLUTE
    FreeRTOS\src\croutine.c                  0x00000000   Number         0  croutine.o ABSOLUTE
    FreeRTOS\src\event_groups.c              0x00000000   Number         0  event_groups.o ABSOLUTE
    FreeRTOS\src\list.c                      0x00000000   Number         0  list.o ABSOLUTE
    FreeRTOS\src\queue.c                     0x00000000   Number         0  queue.o ABSOLUTE
    FreeRTOS\src\tasks.c                     0x00000000   Number         0  tasks.o ABSOLUTE
    FreeRTOS\src\timers.c                    0x00000000   Number         0  timers.o ABSOLUTE
    Main\\main.c                             0x00000000   Number         0  main.o ABSOLUTE
    Main\main.c                              0x00000000   Number         0  main.o ABSOLUTE
    Peripherals_Drive\GPIO.c                 0x00000000   Number         0  gpio.o ABSOLUTE
    Peripherals_Drive\USIC.c                 0x00000000   Number         0  usic.o ABSOLUTE
    Peripherals_Drive\\GPIO.c                0x00000000   Number         0  gpio.o ABSOLUTE
    Peripherals_Drive\\USIC.c                0x00000000   Number         0  usic.o ABSOLUTE
    RTE\Device\XMC4400-F100x512\startup_XMC4400.s 0x00000000   Number         0  startup_xmc4400.o ABSOLUTE
    RTE\Device\XMC4400-F100x512\system_XMC4400.c 0x00000000   Number         0  system_xmc4400.o ABSOLUTE
    RTE\\Device\\XMC4400-F100x512\\system_XMC4400.c 0x00000000   Number         0  system_xmc4400.o ABSOLUTE
    SYSTEM\Irq_Handle.c                      0x00000000   Number         0  irq_handle.o ABSOLUTE
    SYSTEM\Sys_Task.c                        0x00000000   Number         0  sys_task.o ABSOLUTE
    SYSTEM\User_Func.c                       0x00000000   Number         0  user_func.o ABSOLUTE
    SYSTEM\Var_Init.c                        0x00000000   Number         0  var_init.o ABSOLUTE
    SYSTEM\\Irq_Handle.c                     0x00000000   Number         0  irq_handle.o ABSOLUTE
    SYSTEM\\Sys_Task.c                       0x00000000   Number         0  sys_task.o ABSOLUTE
    SYSTEM\\User_Func.c                      0x00000000   Number         0  user_func.o ABSOLUTE
    SYSTEM\\Var_Init.c                       0x00000000   Number         0  var_init.o ABSOLUTE
    cdrcmple.s                               0x00000000   Number         0  cdrcmple.o ABSOLUTE
    dc.s                                     0x00000000   Number         0  dc.o ABSOLUTE
    handlers.s                               0x00000000   Number         0  handlers.o ABSOLUTE
    init.s                                   0x00000000   Number         0  init.o ABSOLUTE
    RESET                                    0x08000000   Section      512  startup_xmc4400.o(RESET)
    .ARM.Collect$$$$00000000                 0x08000200   Section        0  entry.o(.ARM.Collect$$$$00000000)
    .ARM.Collect$$$$00000001                 0x08000200   Section        4  entry2.o(.ARM.Collect$$$$00000001)
    .ARM.Collect$$$$00000004                 0x08000204   Section        4  entry5.o(.ARM.Collect$$$$00000004)
    .ARM.Collect$$$$00000008                 0x08000208   Section        0  entry7b.o(.ARM.Collect$$$$00000008)
    .ARM.Collect$$$$0000000A                 0x08000208   Section        0  entry8b.o(.ARM.Collect$$$$0000000A)
    .ARM.Collect$$$$0000000B                 0x08000208   Section        8  entry9a.o(.ARM.Collect$$$$0000000B)
    .ARM.Collect$$$$0000000D                 0x08000210   Section        0  entry10a.o(.ARM.Collect$$$$0000000D)
    .ARM.Collect$$$$0000000F                 0x08000210   Section        0  entry11a.o(.ARM.Collect$$$$0000000F)
    .ARM.Collect$$$$00002712                 0x08000210   Section        4  entry2.o(.ARM.Collect$$$$00002712)
    __lit__00000000                          0x08000210   Data           4  entry2.o(.ARM.Collect$$$$00002712)
    .emb_text                                0x08000214   Section      198  port.o(.emb_text)
    $v0                                      0x08000214   Number         0  port.o(.emb_text)
    .text                                    0x080002dc   Section       28  startup_xmc4400.o(.text)
    $v0                                      0x080002dc   Number         0  startup_xmc4400.o(.text)
    .text                                    0x080002f8   Section        0  memcpya.o(.text)
    .text                                    0x0800031c   Section        0  memseta.o(.text)
    .text                                    0x08000340   Section       36  init.o(.text)
    i.AppTaskCreate                          0x08000364   Section        0  sys_task.o(i.AppTaskCreate)
    i.AppTaskCreate_Task                     0x080003c4   Section        0  sys_task.o(i.AppTaskCreate_Task)
    i.GPIO_Init                              0x0800046c   Section        0  gpio.o(i.GPIO_Init)
    i.IRQ_Enable                             0x080004c4   Section        0  irq_handle.o(i.IRQ_Enable)
    i.LED1_Task                              0x08000510   Section        0  sys_task.o(i.LED1_Task)
    LED1_Task                                0x08000511   Thumb Code    20  sys_task.o(i.LED1_Task)
    i.LED2_Task                              0x08000528   Section        0  sys_task.o(i.LED2_Task)
    LED2_Task                                0x08000529   Thumb Code    20  sys_task.o(i.LED2_Task)
    i.OSCHP_GetFrequency                     0x08000540   Section        0  system_xmc4400.o(i.OSCHP_GetFrequency)
    i.SysTick_Handler                        0x08000548   Section        0  port.o(i.SysTick_Handler)
    i.SystemCoreClockSetup                   0x0800057c   Section        0  system_xmc4400.o(i.SystemCoreClockSetup)
    i.SystemCoreClockUpdate                  0x08000790   Section        0  system_xmc4400.o(i.SystemCoreClockUpdate)
    i.SystemCoreSetup                        0x08000834   Section        0  system_xmc4400.o(i.SystemCoreSetup)
    i.SystemInit                             0x0800088c   Section        0  system_xmc4400.o(i.SystemInit)
    i.UART_Init                              0x080008b8   Section        0  usic.o(i.UART_Init)
    i.UART_SendData                          0x080009f8   Section        0  usic.o(i.UART_SendData)
    i.USIC0_0_IRQHandler                     0x08000a20   Section        0  irq_handle.o(i.USIC0_0_IRQHandler)
    i.XMC_GPIO_Init                          0x08000aa8   Section        0  xmc4_gpio.o(i.XMC_GPIO_Init)
    i.XMC_GPIO_SetOutputHigh                 0x08000b60   Section        0  gpio.o(i.XMC_GPIO_SetOutputHigh)
    XMC_GPIO_SetOutputHigh                   0x08000b61   Thumb Code     8  gpio.o(i.XMC_GPIO_SetOutputHigh)
    i.XMC_GPIO_ToggleOutput                  0x08000b68   Section        0  irq_handle.o(i.XMC_GPIO_ToggleOutput)
    XMC_GPIO_ToggleOutput                    0x08000b69   Thumb Code    10  irq_handle.o(i.XMC_GPIO_ToggleOutput)
    i.XMC_GPIO_ToggleOutput                  0x08000b72   Section        0  sys_task.o(i.XMC_GPIO_ToggleOutput)
    XMC_GPIO_ToggleOutput                    0x08000b73   Thumb Code    10  sys_task.o(i.XMC_GPIO_ToggleOutput)
    i.__0printf$bare                         0x08000b7c   Section        0  printfb.o(i.__0printf$bare)
    i.__scatterload_copy                     0x08000b8c   Section       14  handlers.o(i.__scatterload_copy)
    i.__scatterload_null                     0x08000b9a   Section        2  handlers.o(i.__scatterload_null)
    i.__scatterload_zeroinit                 0x08000b9c   Section       14  handlers.o(i.__scatterload_zeroinit)
    i._printf_core                           0x08000baa   Section        0  printfb.o(i._printf_core)
    _printf_core                             0x08000bab   Thumb Code    34  printfb.o(i._printf_core)
    i.delay                                  0x08000bcc   Section        0  system_xmc4400.o(i.delay)
    delay                                    0x08000bcd   Thumb Code    24  system_xmc4400.o(i.delay)
    i.fputc                                  0x08000be4   Section        0  main.o(i.fputc)
    i.main                                   0x08000bf4   Section        0  main.o(i.main)
    i.prvAddCurrentTaskToDelayedList         0x08000c04   Section        0  tasks.o(i.prvAddCurrentTaskToDelayedList)
    prvAddCurrentTaskToDelayedList           0x08000c05   Thumb Code   124  tasks.o(i.prvAddCurrentTaskToDelayedList)
    i.prvAddNewTaskToReadyList               0x08000c9c   Section        0  tasks.o(i.prvAddNewTaskToReadyList)
    prvAddNewTaskToReadyList                 0x08000c9d   Thumb Code   156  tasks.o(i.prvAddNewTaskToReadyList)
    i.prvCheckForValidListAndQueue           0x08000d54   Section        0  timers.o(i.prvCheckForValidListAndQueue)
    prvCheckForValidListAndQueue             0x08000d55   Thumb Code    72  timers.o(i.prvCheckForValidListAndQueue)
    i.prvCheckTasksWaitingTermination        0x08000db8   Section        0  tasks.o(i.prvCheckTasksWaitingTermination)
    prvCheckTasksWaitingTermination          0x08000db9   Thumb Code    60  tasks.o(i.prvCheckTasksWaitingTermination)
    i.prvCopyDataFromQueue                   0x08000e00   Section        0  queue.o(i.prvCopyDataFromQueue)
    prvCopyDataFromQueue                     0x08000e01   Thumb Code    42  queue.o(i.prvCopyDataFromQueue)
    i.prvCopyDataToQueue                     0x08000e2a   Section        0  queue.o(i.prvCopyDataToQueue)
    prvCopyDataToQueue                       0x08000e2b   Thumb Code   126  queue.o(i.prvCopyDataToQueue)
    i.prvDeleteTCB                           0x08000ea8   Section        0  tasks.o(i.prvDeleteTCB)
    prvDeleteTCB                             0x08000ea9   Thumb Code    18  tasks.o(i.prvDeleteTCB)
    i.prvGetNextExpireTime                   0x08000ebc   Section        0  timers.o(i.prvGetNextExpireTime)
    prvGetNextExpireTime                     0x08000ebd   Thumb Code    36  timers.o(i.prvGetNextExpireTime)
    i.prvHeapInit                            0x08000ee4   Section        0  heap_4.o(i.prvHeapInit)
    prvHeapInit                              0x08000ee5   Thumb Code    98  heap_4.o(i.prvHeapInit)
    i.prvIdleTask                            0x08000f60   Section        0  tasks.o(i.prvIdleTask)
    prvIdleTask                              0x08000f61   Thumb Code    32  tasks.o(i.prvIdleTask)
    i.prvInitialiseNewQueue                  0x08000f88   Section        0  queue.o(i.prvInitialiseNewQueue)
    prvInitialiseNewQueue                    0x08000f89   Thumb Code    42  queue.o(i.prvInitialiseNewQueue)
    i.prvInitialiseNewTask                   0x08000fb2   Section        0  tasks.o(i.prvInitialiseNewTask)
    prvInitialiseNewTask                     0x08000fb3   Thumb Code   224  tasks.o(i.prvInitialiseNewTask)
    i.prvInitialiseTaskLists                 0x08001094   Section        0  tasks.o(i.prvInitialiseTaskLists)
    prvInitialiseTaskLists                   0x08001095   Thumb Code    70  tasks.o(i.prvInitialiseTaskLists)
    i.prvInsertBlockIntoFreeList             0x080010fc   Section        0  heap_4.o(i.prvInsertBlockIntoFreeList)
    prvInsertBlockIntoFreeList               0x080010fd   Thumb Code    98  heap_4.o(i.prvInsertBlockIntoFreeList)
    i.prvInsertTimerInActiveList             0x08001168   Section        0  timers.o(i.prvInsertTimerInActiveList)
    prvInsertTimerInActiveList               0x08001169   Thumb Code    80  timers.o(i.prvInsertTimerInActiveList)
    i.prvIsQueueEmpty                        0x080011c0   Section        0  queue.o(i.prvIsQueueEmpty)
    prvIsQueueEmpty                          0x080011c1   Thumb Code    26  queue.o(i.prvIsQueueEmpty)
    i.prvIsQueueFull                         0x080011da   Section        0  queue.o(i.prvIsQueueFull)
    prvIsQueueFull                           0x080011db   Thumb Code    30  queue.o(i.prvIsQueueFull)
    i.prvProcessExpiredTimer                 0x080011f8   Section        0  timers.o(i.prvProcessExpiredTimer)
    prvProcessExpiredTimer                   0x080011f9   Thumb Code   110  timers.o(i.prvProcessExpiredTimer)
    i.prvProcessReceivedCommands             0x0800126c   Section        0  timers.o(i.prvProcessReceivedCommands)
    prvProcessReceivedCommands               0x0800126d   Thumb Code   308  timers.o(i.prvProcessReceivedCommands)
    i.prvProcessTimerOrBlockTask             0x080013a4   Section        0  timers.o(i.prvProcessTimerOrBlockTask)
    prvProcessTimerOrBlockTask               0x080013a5   Thumb Code   102  timers.o(i.prvProcessTimerOrBlockTask)
    i.prvResetNextTaskUnblockTime            0x08001418   Section        0  tasks.o(i.prvResetNextTaskUnblockTime)
    prvResetNextTaskUnblockTime              0x08001419   Thumb Code    40  tasks.o(i.prvResetNextTaskUnblockTime)
    i.prvSampleTimeNow                       0x08001448   Section        0  timers.o(i.prvSampleTimeNow)
    prvSampleTimeNow                         0x08001449   Thumb Code    40  timers.o(i.prvSampleTimeNow)
    i.prvSetupHardware                       0x08001474   Section        0  main.o(i.prvSetupHardware)
    prvSetupHardware                         0x08001475   Thumb Code    44  main.o(i.prvSetupHardware)
    i.prvSwitchTimerLists                    0x080014a8   Section        0  timers.o(i.prvSwitchTimerLists)
    prvSwitchTimerLists                      0x080014a9   Thumb Code   154  timers.o(i.prvSwitchTimerLists)
    i.prvTaskExitError                       0x0800154c   Section        0  port.o(i.prvTaskExitError)
    prvTaskExitError                         0x0800154d   Thumb Code    60  port.o(i.prvTaskExitError)
    i.prvTimerTask                           0x0800158c   Section        0  timers.o(i.prvTimerTask)
    prvTimerTask                             0x0800158d   Thumb Code    26  timers.o(i.prvTimerTask)
    i.prvUnlockQueue                         0x080015a6   Section        0  queue.o(i.prvUnlockQueue)
    prvUnlockQueue                           0x080015a7   Thumb Code   126  queue.o(i.prvUnlockQueue)
    i.pvPortMalloc                           0x08001624   Section        0  heap_4.o(i.pvPortMalloc)
    i.pxPortInitialiseStack                  0x080017a4   Section        0  port.o(i.pxPortInitialiseStack)
    i.uxListRemove                           0x080017d0   Section        0  list.o(i.uxListRemove)
    i.vApplicationMallocFailedHook           0x080017f8   Section        0  main.o(i.vApplicationMallocFailedHook)
    i.vApplicationStackOverflowHook          0x0800180e   Section        0  main.o(i.vApplicationStackOverflowHook)
    i.vListInitialise                        0x08001824   Section        0  list.o(i.vListInitialise)
    i.vListInitialiseItem                    0x0800183e   Section        0  list.o(i.vListInitialiseItem)
    i.vListInsert                            0x08001844   Section        0  list.o(i.vListInsert)
    i.vListInsertEnd                         0x08001878   Section        0  list.o(i.vListInsertEnd)
    i.vPortEnterCritical                     0x08001890   Section        0  port.o(i.vPortEnterCritical)
    i.vPortExitCritical                      0x080018e4   Section        0  port.o(i.vPortExitCritical)
    i.vPortFree                              0x08001920   Section        0  heap_4.o(i.vPortFree)
    i.vPortSetupTimerInterrupt               0x080019c4   Section        0  port.o(i.vPortSetupTimerInterrupt)
    i.vPortValidateInterruptPriority         0x080019ec   Section        0  port.o(i.vPortValidateInterruptPriority)
    i.vQueueAddToRegistry                    0x08001a64   Section        0  queue.o(i.vQueueAddToRegistry)
    i.vQueueWaitForMessageRestricted         0x08001ac0   Section        0  queue.o(i.vQueueWaitForMessageRestricted)
    i.vTaskDelay                             0x08001b0c   Section        0  tasks.o(i.vTaskDelay)
    i.vTaskDelete                            0x08001b68   Section        0  tasks.o(i.vTaskDelete)
    i.vTaskInternalSetTimeOutState           0x08001c5c   Section        0  tasks.o(i.vTaskInternalSetTimeOutState)
    i.vTaskMissedYield                       0x08001c74   Section        0  tasks.o(i.vTaskMissedYield)
    i.vTaskPlaceOnEventList                  0x08001c80   Section        0  tasks.o(i.vTaskPlaceOnEventList)
    i.vTaskPlaceOnEventListRestricted        0x08001cb8   Section        0  tasks.o(i.vTaskPlaceOnEventListRestricted)
    i.vTaskStartScheduler                    0x08001cf8   Section        0  tasks.o(i.vTaskStartScheduler)
    i.vTaskSuspendAll                        0x08001d94   Section        0  tasks.o(i.vTaskSuspendAll)
    i.vTaskSwitchContext                     0x08001da4   Section        0  tasks.o(i.vTaskSwitchContext)
    i.xPortStartScheduler                    0x08001e68   Section        0  port.o(i.xPortStartScheduler)
    i.xQueueGenericCreate                    0x08001fd0   Section        0  queue.o(i.xQueueGenericCreate)
    i.xQueueGenericReset                     0x08002074   Section        0  queue.o(i.xQueueGenericReset)
    i.xQueueGenericSend                      0x0800210c   Section        0  queue.o(i.xQueueGenericSend)
    i.xQueueGenericSendFromISR               0x080022b4   Section        0  queue.o(i.xQueueGenericSendFromISR)
    i.xQueueReceive                          0x080023d4   Section        0  queue.o(i.xQueueReceive)
    i.xTaskCheckForTimeOut                   0x0800253c   Section        0  tasks.o(i.xTaskCheckForTimeOut)
    i.xTaskCreate                            0x080025cc   Section        0  tasks.o(i.xTaskCreate)
    i.xTaskGetSchedulerState                 0x0800262c   Section        0  tasks.o(i.xTaskGetSchedulerState)
    i.xTaskGetTickCount                      0x0800264c   Section        0  tasks.o(i.xTaskGetTickCount)
    i.xTaskIncrementTick                     0x08002658   Section        0  tasks.o(i.xTaskIncrementTick)
    i.xTaskPriorityDisinherit                0x080027a0   Section        0  tasks.o(i.xTaskPriorityDisinherit)
    i.xTaskRemoveFromEventList               0x0800285c   Section        0  tasks.o(i.xTaskRemoveFromEventList)
    i.xTaskResumeAll                         0x080028f4   Section        0  tasks.o(i.xTaskResumeAll)
    i.xTimerCreateTimerTask                  0x080029f8   Section        0  timers.o(i.xTimerCreateTimerTask)
    i.xTimerGenericCommand                   0x08002a4c   Section        0  timers.o(i.xTimerGenericCommand)
    .data                                    0x20000000   Section        4  usic.o(.data)
    .data                                    0x20000004   Section        1  var_init.o(.data)
    .data                                    0x20000008   Section       12  sys_task.o(.data)
    AppTaskCreate_Handle                     0x20000008   Data           4  sys_task.o(.data)
    LED1_Task_Handle                         0x2000000c   Data           4  sys_task.o(.data)
    LED2_Task_Handle                         0x20000010   Data           4  sys_task.o(.data)
    .data                                    0x20000014   Section       64  tasks.o(.data)
    pxDelayedTaskList                        0x20000018   Data           4  tasks.o(.data)
    pxOverflowDelayedTaskList                0x2000001c   Data           4  tasks.o(.data)
    uxDeletedTasksWaitingCleanUp             0x20000020   Data           4  tasks.o(.data)
    uxCurrentNumberOfTasks                   0x20000024   Data           4  tasks.o(.data)
    xTickCount                               0x20000028   Data           4  tasks.o(.data)
    uxTopReadyPriority                       0x2000002c   Data           4  tasks.o(.data)
    xSchedulerRunning                        0x20000030   Data           4  tasks.o(.data)
    xPendedTicks                             0x20000034   Data           4  tasks.o(.data)
    xYieldPending                            0x20000038   Data           4  tasks.o(.data)
    xNumOfOverflows                          0x2000003c   Data           4  tasks.o(.data)
    uxTaskNumber                             0x20000040   Data           4  tasks.o(.data)
    xNextTaskUnblockTime                     0x20000044   Data           4  tasks.o(.data)
    xIdleTaskHandle                          0x20000048   Data           4  tasks.o(.data)
    uxSchedulerSuspended                     0x20000050   Data           4  tasks.o(.data)
    .data                                    0x20000054   Section       20  timers.o(.data)
    pxCurrentTimerList                       0x20000054   Data           4  timers.o(.data)
    pxOverflowTimerList                      0x20000058   Data           4  timers.o(.data)
    xTimerQueue                              0x2000005c   Data           4  timers.o(.data)
    xTimerTaskHandle                         0x20000060   Data           4  timers.o(.data)
    xLastTime                                0x20000064   Data           4  timers.o(.data)
    .data                                    0x20000068   Section       32  heap_4.o(.data)
    xStart                                   0x20000068   Data           8  heap_4.o(.data)
    pxEnd                                    0x20000070   Data           4  heap_4.o(.data)
    xFreeBytesRemaining                      0x20000074   Data           4  heap_4.o(.data)
    xMinimumEverFreeBytesRemaining           0x20000078   Data           4  heap_4.o(.data)
    xNumberOfSuccessfulAllocations           0x2000007c   Data           4  heap_4.o(.data)
    xNumberOfSuccessfulFrees                 0x20000080   Data           4  heap_4.o(.data)
    xBlockAllocatedBit                       0x20000084   Data           4  heap_4.o(.data)
    .data                                    0x20000088   Section       12  port.o(.data)
    uxCriticalNesting                        0x20000088   Data           4  port.o(.data)
    ucMaxSysCallPriority                     0x2000008c   Data           1  port.o(.data)
    ulMaxPRIGROUPValue                       0x20000090   Data           4  port.o(.data)
    .data                                    0x20000094   Section        4  stdout.o(.data)
    .bss                                     0x20000098   Section      400  var_init.o(.bss)
    .bss                                     0x20000228   Section       64  queue.o(.bss)
    .bss                                     0x20000268   Section      200  tasks.o(.bss)
    pxReadyTasksLists                        0x20000268   Data         100  tasks.o(.bss)
    xDelayedTaskList1                        0x200002cc   Data          20  tasks.o(.bss)
    xDelayedTaskList2                        0x200002e0   Data          20  tasks.o(.bss)
    xPendingReadyList                        0x200002f4   Data          20  tasks.o(.bss)
    xTasksWaitingTermination                 0x20000308   Data          20  tasks.o(.bss)
    xSuspendedTaskList                       0x2000031c   Data          20  tasks.o(.bss)
    .bss                                     0x20000330   Section       40  timers.o(.bss)
    xActiveTimerList1                        0x20000330   Data          20  timers.o(.bss)
    xActiveTimerList2                        0x20000344   Data          20  timers.o(.bss)
    .bss                                     0x20000358   Section    36864  heap_4.o(.bss)
    ucHeap                                   0x20000358   Data       36864  heap_4.o(.bss)
    STACK                                    0x20009358   Section     1024  startup_xmc4400.o(STACK)
    .ARM.__AT_0x2000FFC0                     0x2000ffc0   Section        4  system_xmc4400.o(.ARM.__AT_0x2000FFC0)
    .ARM.__AT_0x2000FFC4                     0x2000ffc4   Section       16  system_xmc4400.o(.ARM.__AT_0x2000FFC4)
    .ARM.__AT_0x2000FFD4                     0x2000ffd4   Section       12  system_xmc4400.o(.ARM.__AT_0x2000FFD4)

    Global Symbols

    Symbol Name                              Value     Ov Type        Size  Object(Section)

    BuildAttributes$$THM_ISAv4$E$P$D$K$B$S$7EM$VFPi3$EXTD16$VFPS$VFMA$PE$A:L22UL41UL21$X:L11$S22US41US21$IEEE1$IW$USESV6$~STKCKD$USESV7$~SHL$OSPACE$ROPI$EBA8$MICROLIB$REQ8$PRES8$EABIv2 0x00000000   Number         0  anon$$obj.o ABSOLUTE
    __ARM_use_no_argv                        0x00000000   Number         0  main.o ABSOLUTE
    __cpp_initialize__aeabi_                  - Undefined Weak Reference
    __cxa_finalize                            - Undefined Weak Reference
    __decompress                              - Undefined Weak Reference
    _clock_init                               - Undefined Weak Reference
    _microlib_exit                            - Undefined Weak Reference
    __Vectors_Size                           0x00000200   Number         0  startup_xmc4400.o ABSOLUTE
    __Vectors                                0x08000000   Data           4  startup_xmc4400.o(RESET)
    __Vectors_End                            0x08000200   Data           0  startup_xmc4400.o(RESET)
    __main                                   0x08000201   Thumb Code     0  entry.o(.ARM.Collect$$$$00000000)
    _main_stk                                0x08000201   Thumb Code     0  entry2.o(.ARM.Collect$$$$00000001)
    _main_scatterload                        0x08000205   Thumb Code     0  entry5.o(.ARM.Collect$$$$00000004)
    __main_after_scatterload                 0x08000209   Thumb Code     0  entry5.o(.ARM.Collect$$$$00000004)
    _main_clock                              0x08000209   Thumb Code     0  entry7b.o(.ARM.Collect$$$$00000008)
    _main_cpp_init                           0x08000209   Thumb Code     0  entry8b.o(.ARM.Collect$$$$0000000A)
    _main_init                               0x08000209   Thumb Code     0  entry9a.o(.ARM.Collect$$$$0000000B)
    __rt_final_cpp                           0x08000211   Thumb Code     0  entry10a.o(.ARM.Collect$$$$0000000D)
    __rt_final_exit                          0x08000211   Thumb Code     0  entry11a.o(.ARM.Collect$$$$0000000F)
    SVC_Handler                              0x08000215   Thumb Code    28  port.o(.emb_text)
    __asm___6_port_c_39a90d8d__prvStartFirstTask 0x08000235   Thumb Code    36  port.o(.emb_text)
    __asm___6_port_c_39a90d8d__prvEnableVFP  0x0800025d   Thumb Code    16  port.o(.emb_text)
    PendSV_Handler                           0x08000271   Thumb Code    94  port.o(.emb_text)
    vPortGetIPSR                             0x080002d5   Thumb Code     6  port.o(.emb_text)
    Reset_Handler                            0x080002dd   Thumb Code    12  startup_xmc4400.o(.text)
    BusFault_Handler                         0x080002e9   Thumb Code     0  startup_xmc4400.o(.text)
    CAN0_0_IRQHandler                        0x080002e9   Thumb Code     0  startup_xmc4400.o(.text)
    CAN0_1_IRQHandler                        0x080002e9   Thumb Code     0  startup_xmc4400.o(.text)
    CAN0_2_IRQHandler                        0x080002e9   Thumb Code     0  startup_xmc4400.o(.text)
    CAN0_3_IRQHandler                        0x080002e9   Thumb Code     0  startup_xmc4400.o(.text)
    CAN0_4_IRQHandler                        0x080002e9   Thumb Code     0  startup_xmc4400.o(.text)
    CAN0_5_IRQHandler                        0x080002e9   Thumb Code     0  startup_xmc4400.o(.text)
    CAN0_6_IRQHandler                        0x080002e9   Thumb Code     0  startup_xmc4400.o(.text)
    CAN0_7_IRQHandler                        0x080002e9   Thumb Code     0  startup_xmc4400.o(.text)
    CCU40_0_IRQHandler                       0x080002e9   Thumb Code     0  startup_xmc4400.o(.text)
    CCU40_1_IRQHandler                       0x080002e9   Thumb Code     0  startup_xmc4400.o(.text)
    CCU40_2_IRQHandler                       0x080002e9   Thumb Code     0  startup_xmc4400.o(.text)
    CCU40_3_IRQHandler                       0x080002e9   Thumb Code     0  startup_xmc4400.o(.text)
    CCU41_0_IRQHandler                       0x080002e9   Thumb Code     0  startup_xmc4400.o(.text)
    CCU41_1_IRQHandler                       0x080002e9   Thumb Code     0  startup_xmc4400.o(.text)
    CCU41_2_IRQHandler                       0x080002e9   Thumb Code     0  startup_xmc4400.o(.text)
    CCU41_3_IRQHandler                       0x080002e9   Thumb Code     0  startup_xmc4400.o(.text)
    CCU42_0_IRQHandler                       0x080002e9   Thumb Code     0  startup_xmc4400.o(.text)
    CCU42_1_IRQHandler                       0x080002e9   Thumb Code     0  startup_xmc4400.o(.text)
    CCU42_2_IRQHandler                       0x080002e9   Thumb Code     0  startup_xmc4400.o(.text)
    CCU42_3_IRQHandler                       0x080002e9   Thumb Code     0  startup_xmc4400.o(.text)
    CCU43_0_IRQHandler                       0x080002e9   Thumb Code     0  startup_xmc4400.o(.text)
    CCU43_1_IRQHandler                       0x080002e9   Thumb Code     0  startup_xmc4400.o(.text)
    CCU43_2_IRQHandler                       0x080002e9   Thumb Code     0  startup_xmc4400.o(.text)
    CCU43_3_IRQHandler                       0x080002e9   Thumb Code     0  startup_xmc4400.o(.text)
    CCU80_0_IRQHandler                       0x080002e9   Thumb Code     0  startup_xmc4400.o(.text)
    CCU80_1_IRQHandler                       0x080002e9   Thumb Code     0  startup_xmc4400.o(.text)
    CCU80_2_IRQHandler                       0x080002e9   Thumb Code     0  startup_xmc4400.o(.text)
    CCU80_3_IRQHandler                       0x080002e9   Thumb Code     0  startup_xmc4400.o(.text)
    CCU81_0_IRQHandler                       0x080002e9   Thumb Code     0  startup_xmc4400.o(.text)
    CCU81_1_IRQHandler                       0x080002e9   Thumb Code     0  startup_xmc4400.o(.text)
    CCU81_2_IRQHandler                       0x080002e9   Thumb Code     0  startup_xmc4400.o(.text)
    CCU81_3_IRQHandler                       0x080002e9   Thumb Code     0  startup_xmc4400.o(.text)
    DAC0_0_IRQHandler                        0x080002e9   Thumb Code     0  startup_xmc4400.o(.text)
    DAC0_1_IRQHandler                        0x080002e9   Thumb Code     0  startup_xmc4400.o(.text)
    DSD0_0_IRQHandler                        0x080002e9   Thumb Code     0  startup_xmc4400.o(.text)
    DSD0_1_IRQHandler                        0x080002e9   Thumb Code     0  startup_xmc4400.o(.text)
    DSD0_2_IRQHandler                        0x080002e9   Thumb Code     0  startup_xmc4400.o(.text)
    DSD0_3_IRQHandler                        0x080002e9   Thumb Code     0  startup_xmc4400.o(.text)
    DSD0_4_IRQHandler                        0x080002e9   Thumb Code     0  startup_xmc4400.o(.text)
    DSD0_5_IRQHandler                        0x080002e9   Thumb Code     0  startup_xmc4400.o(.text)
    DSD0_6_IRQHandler                        0x080002e9   Thumb Code     0  startup_xmc4400.o(.text)
    DSD0_7_IRQHandler                        0x080002e9   Thumb Code     0  startup_xmc4400.o(.text)
    DebugMon_Handler                         0x080002e9   Thumb Code     0  startup_xmc4400.o(.text)
    ERU0_0_IRQHandler                        0x080002e9   Thumb Code     0  startup_xmc4400.o(.text)
    ERU0_1_IRQHandler                        0x080002e9   Thumb Code     0  startup_xmc4400.o(.text)
    ERU0_2_IRQHandler                        0x080002e9   Thumb Code     0  startup_xmc4400.o(.text)
    ERU0_3_IRQHandler                        0x080002e9   Thumb Code     0  startup_xmc4400.o(.text)
    ERU1_0_IRQHandler                        0x080002e9   Thumb Code     0  startup_xmc4400.o(.text)
    ERU1_1_IRQHandler                        0x080002e9   Thumb Code     0  startup_xmc4400.o(.text)
    ERU1_2_IRQHandler                        0x080002e9   Thumb Code     0  startup_xmc4400.o(.text)
    ERU1_3_IRQHandler                        0x080002e9   Thumb Code     0  startup_xmc4400.o(.text)
    ETH0_0_IRQHandler                        0x080002e9   Thumb Code     0  startup_xmc4400.o(.text)
    FCE0_0_IRQHandler                        0x080002e9   Thumb Code     0  startup_xmc4400.o(.text)
    GPDMA0_0_IRQHandler                      0x080002e9   Thumb Code     0  startup_xmc4400.o(.text)
    HRPWM_0_IRQHandler                       0x080002e9   Thumb Code     0  startup_xmc4400.o(.text)
    HRPWM_1_IRQHandler                       0x080002e9   Thumb Code     0  startup_xmc4400.o(.text)
    HRPWM_2_IRQHandler                       0x080002e9   Thumb Code     0  startup_xmc4400.o(.text)
    HRPWM_3_IRQHandler                       0x080002e9   Thumb Code     0  startup_xmc4400.o(.text)
    HardFault_Handler                        0x080002e9   Thumb Code     0  startup_xmc4400.o(.text)
    LEDTS0_0_IRQHandler                      0x080002e9   Thumb Code     0  startup_xmc4400.o(.text)
    MemManage_Handler                        0x080002e9   Thumb Code     0  startup_xmc4400.o(.text)
    NMI_Handler                              0x080002e9   Thumb Code     0  startup_xmc4400.o(.text)
    PMU0_0_IRQHandler                        0x080002e9   Thumb Code     0  startup_xmc4400.o(.text)
    POSIF0_0_IRQHandler                      0x080002e9   Thumb Code     0  startup_xmc4400.o(.text)
    POSIF0_1_IRQHandler                      0x080002e9   Thumb Code     0  startup_xmc4400.o(.text)
    POSIF1_0_IRQHandler                      0x080002e9   Thumb Code     0  startup_xmc4400.o(.text)
    POSIF1_1_IRQHandler                      0x080002e9   Thumb Code     0  startup_xmc4400.o(.text)
    SCU_0_IRQHandler                         0x080002e9   Thumb Code     0  startup_xmc4400.o(.text)
    USB0_0_IRQHandler                        0x080002e9   Thumb Code     0  startup_xmc4400.o(.text)
    USIC0_1_IRQHandler                       0x080002e9   Thumb Code     0  startup_xmc4400.o(.text)
    USIC0_2_IRQHandler                       0x080002e9   Thumb Code     0  startup_xmc4400.o(.text)
    USIC0_3_IRQHandler                       0x080002e9   Thumb Code     0  startup_xmc4400.o(.text)
    USIC0_4_IRQHandler                       0x080002e9   Thumb Code     0  startup_xmc4400.o(.text)
    USIC0_5_IRQHandler                       0x080002e9   Thumb Code     0  startup_xmc4400.o(.text)
    USIC1_0_IRQHandler                       0x080002e9   Thumb Code     0  startup_xmc4400.o(.text)
    USIC1_1_IRQHandler                       0x080002e9   Thumb Code     0  startup_xmc4400.o(.text)
    USIC1_2_IRQHandler                       0x080002e9   Thumb Code     0  startup_xmc4400.o(.text)
    USIC1_3_IRQHandler                       0x080002e9   Thumb Code     0  startup_xmc4400.o(.text)
    USIC1_4_IRQHandler                       0x080002e9   Thumb Code     0  startup_xmc4400.o(.text)
    USIC1_5_IRQHandler                       0x080002e9   Thumb Code     0  startup_xmc4400.o(.text)
    UsageFault_Handler                       0x080002e9   Thumb Code     0  startup_xmc4400.o(.text)
    VADC0_C0_0_IRQHandler                    0x080002e9   Thumb Code     0  startup_xmc4400.o(.text)
    VADC0_C0_1_IRQHandler                    0x080002e9   Thumb Code     0  startup_xmc4400.o(.text)
    VADC0_C0_2_IRQHandler                    0x080002e9   Thumb Code     0  startup_xmc4400.o(.text)
    VADC0_C0_3_IRQHandler                    0x080002e9   Thumb Code     0  startup_xmc4400.o(.text)
    VADC0_G0_0_IRQHandler                    0x080002e9   Thumb Code     0  startup_xmc4400.o(.text)
    VADC0_G0_1_IRQHandler                    0x080002e9   Thumb Code     0  startup_xmc4400.o(.text)
    VADC0_G0_2_IRQHandler                    0x080002e9   Thumb Code     0  startup_xmc4400.o(.text)
    VADC0_G0_3_IRQHandler                    0x080002e9   Thumb Code     0  startup_xmc4400.o(.text)
    VADC0_G1_0_IRQHandler                    0x080002e9   Thumb Code     0  startup_xmc4400.o(.text)
    VADC0_G1_1_IRQHandler                    0x080002e9   Thumb Code     0  startup_xmc4400.o(.text)
    VADC0_G1_2_IRQHandler                    0x080002e9   Thumb Code     0  startup_xmc4400.o(.text)
    VADC0_G1_3_IRQHandler                    0x080002e9   Thumb Code     0  startup_xmc4400.o(.text)
    VADC0_G2_0_IRQHandler                    0x080002e9   Thumb Code     0  startup_xmc4400.o(.text)
    VADC0_G2_1_IRQHandler                    0x080002e9   Thumb Code     0  startup_xmc4400.o(.text)
    VADC0_G2_2_IRQHandler                    0x080002e9   Thumb Code     0  startup_xmc4400.o(.text)
    VADC0_G2_3_IRQHandler                    0x080002e9   Thumb Code     0  startup_xmc4400.o(.text)
    VADC0_G3_0_IRQHandler                    0x080002e9   Thumb Code     0  startup_xmc4400.o(.text)
    VADC0_G3_1_IRQHandler                    0x080002e9   Thumb Code     0  startup_xmc4400.o(.text)
    VADC0_G3_2_IRQHandler                    0x080002e9   Thumb Code     0  startup_xmc4400.o(.text)
    VADC0_G3_3_IRQHandler                    0x080002e9   Thumb Code     0  startup_xmc4400.o(.text)
    __aeabi_memcpy                           0x080002f9   Thumb Code    36  memcpya.o(.text)
    __aeabi_memcpy4                          0x080002f9   Thumb Code     0  memcpya.o(.text)
    __aeabi_memcpy8                          0x080002f9   Thumb Code     0  memcpya.o(.text)
    __aeabi_memset                           0x0800031d   Thumb Code    14  memseta.o(.text)
    __aeabi_memset4                          0x0800031d   Thumb Code     0  memseta.o(.text)
    __aeabi_memset8                          0x0800031d   Thumb Code     0  memseta.o(.text)
    __aeabi_memclr                           0x0800032b   Thumb Code     4  memseta.o(.text)
    __aeabi_memclr4                          0x0800032b   Thumb Code     0  memseta.o(.text)
    __aeabi_memclr8                          0x0800032b   Thumb Code     0  memseta.o(.text)
    _memset$wrapper                          0x0800032f   Thumb Code    18  memseta.o(.text)
    __scatterload                            0x08000341   Thumb Code    28  init.o(.text)
    __scatterload_rt2                        0x08000341   Thumb Code     0  init.o(.text)
    AppTaskCreate                            0x08000365   Thumb Code    52  sys_task.o(i.AppTaskCreate)
    AppTaskCreate_Task                       0x080003c5   Thumb Code    88  sys_task.o(i.AppTaskCreate_Task)
    GPIO_Init                                0x0800046d   Thumb Code    78  gpio.o(i.GPIO_Init)
    IRQ_Enable                               0x080004c5   Thumb Code    66  irq_handle.o(i.IRQ_Enable)
    OSCHP_GetFrequency                       0x08000541   Thumb Code     4  system_xmc4400.o(i.OSCHP_GetFrequency)
    SysTick_Handler                          0x08000549   Thumb Code    46  port.o(i.SysTick_Handler)
    SystemCoreClockSetup                     0x0800057d   Thumb Code   484  system_xmc4400.o(i.SystemCoreClockSetup)
    SystemCoreClockUpdate                    0x08000791   Thumb Code   148  system_xmc4400.o(i.SystemCoreClockUpdate)
    SystemCoreSetup                          0x08000835   Thumb Code    74  system_xmc4400.o(i.SystemCoreSetup)
    SystemInit                               0x0800088d   Thumb Code    30  system_xmc4400.o(i.SystemInit)
    UART_Init                                0x080008b9   Thumb Code   304  usic.o(i.UART_Init)
    UART_SendData                            0x080009f9   Thumb Code    34  usic.o(i.UART_SendData)
    USIC0_0_IRQHandler                       0x08000a21   Thumb Code   116  irq_handle.o(i.USIC0_0_IRQHandler)
    XMC_GPIO_Init                            0x08000aa9   Thumb Code   174  xmc4_gpio.o(i.XMC_GPIO_Init)
    __0printf$bare                           0x08000b7d   Thumb Code     8  printfb.o(i.__0printf$bare)
    __1printf$bare                           0x08000b7d   Thumb Code     0  printfb.o(i.__0printf$bare)
    __2printf                                0x08000b7d   Thumb Code     0  printfb.o(i.__0printf$bare)
    __scatterload_copy                       0x08000b8d   Thumb Code    14  handlers.o(i.__scatterload_copy)
    __scatterload_null                       0x08000b9b   Thumb Code     2  handlers.o(i.__scatterload_null)
    __scatterload_zeroinit                   0x08000b9d   Thumb Code    14  handlers.o(i.__scatterload_zeroinit)
    fputc                                    0x08000be5   Thumb Code    16  main.o(i.fputc)
    main                                     0x08000bf5   Thumb Code    14  main.o(i.main)
    pvPortMalloc                             0x08001625   Thumb Code   358  heap_4.o(i.pvPortMalloc)
    pxPortInitialiseStack                    0x080017a5   Thumb Code    38  port.o(i.pxPortInitialiseStack)
    uxListRemove                             0x080017d1   Thumb Code    40  list.o(i.uxListRemove)
    vApplicationMallocFailedHook             0x080017f9   Thumb Code    22  main.o(i.vApplicationMallocFailedHook)
    vApplicationStackOverflowHook            0x0800180f   Thumb Code    22  main.o(i.vApplicationStackOverflowHook)
    vListInitialise                          0x08001825   Thumb Code    26  list.o(i.vListInitialise)
    vListInitialiseItem                      0x0800183f   Thumb Code     6  list.o(i.vListInitialiseItem)
    vListInsert                              0x08001845   Thumb Code    52  list.o(i.vListInsert)
    vListInsertEnd                           0x08001879   Thumb Code    24  list.o(i.vListInsertEnd)
    vPortEnterCritical                       0x08001891   Thumb Code    76  port.o(i.vPortEnterCritical)
    vPortExitCritical                        0x080018e5   Thumb Code    56  port.o(i.vPortExitCritical)
    vPortFree                                0x08001921   Thumb Code   150  heap_4.o(i.vPortFree)
    vPortSetupTimerInterrupt                 0x080019c5   Thumb Code    36  port.o(i.vPortSetupTimerInterrupt)
    vPortValidateInterruptPriority           0x080019ed   Thumb Code   106  port.o(i.vPortValidateInterruptPriority)
    vQueueAddToRegistry                      0x08001a65   Thumb Code    88  queue.o(i.vQueueAddToRegistry)
    vQueueWaitForMessageRestricted           0x08001ac1   Thumb Code    74  queue.o(i.vQueueWaitForMessageRestricted)
    vTaskDelay                               0x08001b0d   Thumb Code    82  tasks.o(i.vTaskDelay)
    vTaskDelete                              0x08001b69   Thumb Code   202  tasks.o(i.vTaskDelete)
    vTaskInternalSetTimeOutState             0x08001c5d   Thumb Code    14  tasks.o(i.vTaskInternalSetTimeOutState)
    vTaskMissedYield                         0x08001c75   Thumb Code     8  tasks.o(i.vTaskMissedYield)
    vTaskPlaceOnEventList                    0x08001c81   Thumb Code    52  tasks.o(i.vTaskPlaceOnEventList)
    vTaskPlaceOnEventListRestricted          0x08001cb9   Thumb Code    60  tasks.o(i.vTaskPlaceOnEventListRestricted)
    vTaskStartScheduler                      0x08001cf9   Thumb Code   122  tasks.o(i.vTaskStartScheduler)
    vTaskSuspendAll                          0x08001d95   Thumb Code    12  tasks.o(i.vTaskSuspendAll)
    vTaskSwitchContext                       0x08001da5   Thumb Code   174  tasks.o(i.vTaskSwitchContext)
    xPortStartScheduler                      0x08001e69   Thumb Code   330  port.o(i.xPortStartScheduler)
    xQueueGenericCreate                      0x08001fd1   Thumb Code   162  queue.o(i.xQueueGenericCreate)
    xQueueGenericReset                       0x08002075   Thumb Code   146  queue.o(i.xQueueGenericReset)
    xQueueGenericSend                        0x0800210d   Thumb Code   420  queue.o(i.xQueueGenericSend)
    xQueueGenericSendFromISR                 0x080022b5   Thumb Code   288  queue.o(i.xQueueGenericSendFromISR)
    xQueueReceive                            0x080023d5   Thumb Code   356  queue.o(i.xQueueReceive)
    xTaskCheckForTimeOut                     0x0800253d   Thumb Code   136  tasks.o(i.xTaskCheckForTimeOut)
    xTaskCreate                              0x080025cd   Thumb Code    96  tasks.o(i.xTaskCreate)
    xTaskGetSchedulerState                   0x0800262d   Thumb Code    24  tasks.o(i.xTaskGetSchedulerState)
    xTaskGetTickCount                        0x0800264d   Thumb Code     6  tasks.o(i.xTaskGetTickCount)
    xTaskIncrementTick                       0x08002659   Thumb Code   282  tasks.o(i.xTaskIncrementTick)
    xTaskPriorityDisinherit                  0x080027a1   Thumb Code   174  tasks.o(i.xTaskPriorityDisinherit)
    xTaskRemoveFromEventList                 0x0800285d   Thumb Code   128  tasks.o(i.xTaskRemoveFromEventList)
    xTaskResumeAll                           0x080028f5   Thumb Code   224  tasks.o(i.xTaskResumeAll)
    xTimerCreateTimerTask                    0x080029f9   Thumb Code    64  timers.o(i.xTimerCreateTimerTask)
    xTimerGenericCommand                     0x08002a4d   Thumb Code   126  timers.o(i.xTimerGenericCommand)
    Region$$Table$$Base                      0x08002ad0   Number         0  anon$$obj.o(Region$$Table)
    Region$$Table$$Limit                     0x08002af0   Number         0  anon$$obj.o(Region$$Table)
    Read_KSCFG                               0x20000000   Data           4  usic.o(.data)
    Receive_Count                            0x20000004   Data           1  var_init.o(.data)
    pxCurrentTCB                             0x20000014   Data           4  tasks.o(.data)
    uxTopUsedPriority                        0x2000004c   Data           4  tasks.o(.data)
    __stdout                                 0x20000094   Data           4  stdout.o(.data)
    Receive_Data                             0x20000098   Data         400  var_init.o(.bss)
    xQueueRegistry                           0x20000228   Data          64  queue.o(.bss)
    __initial_sp                             0x20009758   Data           0  startup_xmc4400.o(STACK)
    SystemCoreClock                          0x2000ffc0   Data           4  system_xmc4400.o(.ARM.__AT_0x2000FFC0)
    g_chipid                                 0x2000ffc4   Data          16  system_xmc4400.o(.ARM.__AT_0x2000FFC4)
    g_hrpwm_char_data                        0x2000ffd4   Data          12  system_xmc4400.o(.ARM.__AT_0x2000FFD4)



==============================================================================

Memory Map of the image

  Image Entry point : 0x08000201

  Load Region LR_IROM1 (Base: 0x08000000, Size: 0x00002b88, Max: 0x00080000, ABSOLUTE)

    Execution Region ER_IROM1 (Exec base: 0x08000000, Load base: 0x08000000, Size: 0x00002af0, Max: 0x00080000, ABSOLUTE)

    Exec Addr    Load Addr    Size         Type   Attr      Idx    E Section Name        Object

    0x08000000   0x08000000   0x00000200   Data   RO         2652    RESET               startup_xmc4400.o
    0x08000200   0x08000200   0x00000000   Code   RO         2722  * .ARM.Collect$$$$00000000  mc_w.l(entry.o)
    0x08000200   0x08000200   0x00000004   Code   RO         2991    .ARM.Collect$$$$00000001  mc_w.l(entry2.o)
    0x08000204   0x08000204   0x00000004   Code   RO         2994    .ARM.Collect$$$$00000004  mc_w.l(entry5.o)
    0x08000208   0x08000208   0x00000000   Code   RO         2996    .ARM.Collect$$$$00000008  mc_w.l(entry7b.o)
    0x08000208   0x08000208   0x00000000   Code   RO         2998    .ARM.Collect$$$$0000000A  mc_w.l(entry8b.o)
    0x08000208   0x08000208   0x00000008   Code   RO         2999    .ARM.Collect$$$$0000000B  mc_w.l(entry9a.o)
    0x08000210   0x08000210   0x00000000   Code   RO         3001    .ARM.Collect$$$$0000000D  mc_w.l(entry10a.o)
    0x08000210   0x08000210   0x00000000   Code   RO         3003    .ARM.Collect$$$$0000000F  mc_w.l(entry11a.o)
    0x08000210   0x08000210   0x00000004   Code   RO         2992    .ARM.Collect$$$$00002712  mc_w.l(entry2.o)
    0x08000214   0x08000214   0x000000c6   Code   RO         1383    .emb_text           port.o
    0x080002da   0x080002da   0x00000002   PAD
    0x080002dc   0x080002dc   0x0000001c   Code   RO         2653    .text               startup_xmc4400.o
    0x080002f8   0x080002f8   0x00000024   Code   RO         2725    .text               mc_w.l(memcpya.o)
    0x0800031c   0x0800031c   0x00000024   Code   RO         2727    .text               mc_w.l(memseta.o)
    0x08000340   0x08000340   0x00000024   Code   RO         3021    .text               mc_w.l(init.o)
    0x08000364   0x08000364   0x00000060   Code   RO          369    i.AppTaskCreate     sys_task.o
    0x080003c4   0x080003c4   0x000000a8   Code   RO          370    i.AppTaskCreate_Task  sys_task.o
    0x0800046c   0x0800046c   0x00000058   Code   RO          172    i.GPIO_Init         gpio.o
    0x080004c4   0x080004c4   0x0000004c   Code   RO          296    i.IRQ_Enable        irq_handle.o
    0x08000510   0x08000510   0x00000018   Code   RO          371    i.LED1_Task         sys_task.o
    0x08000528   0x08000528   0x00000018   Code   RO          372    i.LED2_Task         sys_task.o
    0x08000540   0x08000540   0x00000008   Code   RO         2660    i.OSCHP_GetFrequency  system_xmc4400.o
    0x08000548   0x08000548   0x00000034   Code   RO         1384    i.SysTick_Handler   port.o
    0x0800057c   0x0800057c   0x00000214   Code   RO         2661    i.SystemCoreClockSetup  system_xmc4400.o
    0x08000790   0x08000790   0x000000a4   Code   RO         2662    i.SystemCoreClockUpdate  system_xmc4400.o
    0x08000834   0x08000834   0x00000058   Code   RO         2663    i.SystemCoreSetup   system_xmc4400.o
    0x0800088c   0x0800088c   0x0000002c   Code   RO         2664    i.SystemInit        system_xmc4400.o
    0x080008b8   0x080008b8   0x00000140   Code   RO          220    i.UART_Init         usic.o
    0x080009f8   0x080009f8   0x00000028   Code   RO          221    i.UART_SendData     usic.o
    0x08000a20   0x08000a20   0x00000088   Code   RO          297    i.USIC0_0_IRQHandler  irq_handle.o
    0x08000aa8   0x08000aa8   0x000000b8   Code   RO         1463    i.XMC_GPIO_Init     xmc4_gpio.o
    0x08000b60   0x08000b60   0x00000008   Code   RO          173    i.XMC_GPIO_SetOutputHigh  gpio.o
    0x08000b68   0x08000b68   0x0000000a   Code   RO          298    i.XMC_GPIO_ToggleOutput  irq_handle.o
    0x08000b72   0x08000b72   0x0000000a   Code   RO          373    i.XMC_GPIO_ToggleOutput  sys_task.o
    0x08000b7c   0x08000b7c   0x00000010   Code   RO         2732    i.__0printf$bare    mc_w.l(printfb.o)
    0x08000b8c   0x08000b8c   0x0000000e   Code   RO         3033    i.__scatterload_copy  mc_w.l(handlers.o)
    0x08000b9a   0x08000b9a   0x00000002   Code   RO         3034    i.__scatterload_null  mc_w.l(handlers.o)
    0x08000b9c   0x08000b9c   0x0000000e   Code   RO         3035    i.__scatterload_zeroinit  mc_w.l(handlers.o)
    0x08000baa   0x08000baa   0x00000022   Code   RO         2739    i._printf_core      mc_w.l(printfb.o)
    0x08000bcc   0x08000bcc   0x00000018   Code   RO         2665    i.delay             system_xmc4400.o
    0x08000be4   0x08000be4   0x00000010   Code   RO            4    i.fputc             main.o
    0x08000bf4   0x08000bf4   0x0000000e   Code   RO            5    i.main              main.o
    0x08000c02   0x08000c02   0x00000002   PAD
    0x08000c04   0x08000c04   0x00000098   Code   RO          816    i.prvAddCurrentTaskToDelayedList  tasks.o
    0x08000c9c   0x08000c9c   0x000000b8   Code   RO          817    i.prvAddNewTaskToReadyList  tasks.o
    0x08000d54   0x08000d54   0x00000064   Code   RO         1180    i.prvCheckForValidListAndQueue  timers.o
    0x08000db8   0x08000db8   0x00000048   Code   RO          818    i.prvCheckTasksWaitingTermination  tasks.o
    0x08000e00   0x08000e00   0x0000002a   Code   RO          598    i.prvCopyDataFromQueue  queue.o
    0x08000e2a   0x08000e2a   0x0000007e   Code   RO          599    i.prvCopyDataToQueue  queue.o
    0x08000ea8   0x08000ea8   0x00000012   Code   RO          819    i.prvDeleteTCB      tasks.o
    0x08000eba   0x08000eba   0x00000002   PAD
    0x08000ebc   0x08000ebc   0x00000028   Code   RO         1181    i.prvGetNextExpireTime  timers.o
    0x08000ee4   0x08000ee4   0x0000007c   Code   RO         1328    i.prvHeapInit       heap_4.o
    0x08000f60   0x08000f60   0x00000028   Code   RO          820    i.prvIdleTask       tasks.o
    0x08000f88   0x08000f88   0x0000002a   Code   RO          602    i.prvInitialiseNewQueue  queue.o
    0x08000fb2   0x08000fb2   0x000000e0   Code   RO          821    i.prvInitialiseNewTask  tasks.o
    0x08001092   0x08001092   0x00000002   PAD
    0x08001094   0x08001094   0x00000068   Code   RO          822    i.prvInitialiseTaskLists  tasks.o
    0x080010fc   0x080010fc   0x0000006c   Code   RO         1329    i.prvInsertBlockIntoFreeList  heap_4.o
    0x08001168   0x08001168   0x00000058   Code   RO         1183    i.prvInsertTimerInActiveList  timers.o
    0x080011c0   0x080011c0   0x0000001a   Code   RO          603    i.prvIsQueueEmpty   queue.o
    0x080011da   0x080011da   0x0000001e   Code   RO          604    i.prvIsQueueFull    queue.o
    0x080011f8   0x080011f8   0x00000074   Code   RO         1184    i.prvProcessExpiredTimer  timers.o
    0x0800126c   0x0800126c   0x00000138   Code   RO         1185    i.prvProcessReceivedCommands  timers.o
    0x080013a4   0x080013a4   0x00000074   Code   RO         1186    i.prvProcessTimerOrBlockTask  timers.o
    0x08001418   0x08001418   0x00000030   Code   RO          824    i.prvResetNextTaskUnblockTime  tasks.o
    0x08001448   0x08001448   0x0000002c   Code   RO         1187    i.prvSampleTimeNow  timers.o
    0x08001474   0x08001474   0x00000034   Code   RO            6    i.prvSetupHardware  main.o
    0x080014a8   0x080014a8   0x000000a4   Code   RO         1188    i.prvSwitchTimerLists  timers.o
    0x0800154c   0x0800154c   0x00000040   Code   RO         1385    i.prvTaskExitError  port.o
    0x0800158c   0x0800158c   0x0000001a   Code   RO         1189    i.prvTimerTask      timers.o
    0x080015a6   0x080015a6   0x0000007e   Code   RO          605    i.prvUnlockQueue    queue.o
    0x08001624   0x08001624   0x00000180   Code   RO         1330    i.pvPortMalloc      heap_4.o
    0x080017a4   0x080017a4   0x0000002c   Code   RO         1386    i.pxPortInitialiseStack  port.o
    0x080017d0   0x080017d0   0x00000028   Code   RO          558    i.uxListRemove      list.o
    0x080017f8   0x080017f8   0x00000016   Code   RO            8    i.vApplicationMallocFailedHook  main.o
    0x0800180e   0x0800180e   0x00000016   Code   RO            9    i.vApplicationStackOverflowHook  main.o
    0x08001824   0x08001824   0x0000001a   Code   RO          559    i.vListInitialise   list.o
    0x0800183e   0x0800183e   0x00000006   Code   RO          560    i.vListInitialiseItem  list.o
    0x08001844   0x08001844   0x00000034   Code   RO          561    i.vListInsert       list.o
    0x08001878   0x08001878   0x00000018   Code   RO          562    i.vListInsertEnd    list.o
    0x08001890   0x08001890   0x00000054   Code   RO         1388    i.vPortEnterCritical  port.o
    0x080018e4   0x080018e4   0x0000003c   Code   RO         1389    i.vPortExitCritical  port.o
    0x08001920   0x08001920   0x000000a4   Code   RO         1331    i.vPortFree         heap_4.o
    0x080019c4   0x080019c4   0x00000028   Code   RO         1390    i.vPortSetupTimerInterrupt  port.o
    0x080019ec   0x080019ec   0x00000078   Code   RO         1391    i.vPortValidateInterruptPriority  port.o
    0x08001a64   0x08001a64   0x0000005c   Code   RO          611    i.vQueueAddToRegistry  queue.o
    0x08001ac0   0x08001ac0   0x0000004a   Code   RO          615    i.vQueueWaitForMessageRestricted  queue.o
    0x08001b0a   0x08001b0a   0x00000002   PAD
    0x08001b0c   0x08001b0c   0x0000005c   Code   RO          836    i.vTaskDelay        tasks.o
    0x08001b68   0x08001b68   0x000000f4   Code   RO          837    i.vTaskDelete       tasks.o
    0x08001c5c   0x08001c5c   0x00000018   Code   RO          841    i.vTaskInternalSetTimeOutState  tasks.o
    0x08001c74   0x08001c74   0x0000000c   Code   RO          842    i.vTaskMissedYield  tasks.o
    0x08001c80   0x08001c80   0x00000038   Code   RO          843    i.vTaskPlaceOnEventList  tasks.o
    0x08001cb8   0x08001cb8   0x00000040   Code   RO          844    i.vTaskPlaceOnEventListRestricted  tasks.o
    0x08001cf8   0x08001cf8   0x0000009c   Code   RO          852    i.vTaskStartScheduler  tasks.o
    0x08001d94   0x08001d94   0x00000010   Code   RO          854    i.vTaskSuspendAll   tasks.o
    0x08001da4   0x08001da4   0x000000c4   Code   RO          855    i.vTaskSwitchContext  tasks.o
    0x08001e68   0x08001e68   0x00000168   Code   RO         1392    i.xPortStartScheduler  port.o
    0x08001fd0   0x08001fd0   0x000000a2   Code   RO          618    i.xQueueGenericCreate  queue.o
    0x08002072   0x08002072   0x00000002   PAD
    0x08002074   0x08002074   0x00000098   Code   RO          619    i.xQueueGenericReset  queue.o
    0x0800210c   0x0800210c   0x000001a8   Code   RO          620    i.xQueueGenericSend  queue.o
    0x080022b4   0x080022b4   0x00000120   Code   RO          621    i.xQueueGenericSendFromISR  queue.o
    0x080023d4   0x080023d4   0x00000168   Code   RO          628    i.xQueueReceive     queue.o
    0x0800253c   0x0800253c   0x00000090   Code   RO          857    i.xTaskCheckForTimeOut  tasks.o
    0x080025cc   0x080025cc   0x00000060   Code   RO          858    i.xTaskCreate       tasks.o
    0x0800262c   0x0800262c   0x00000020   Code   RO          865    i.xTaskGetSchedulerState  tasks.o
    0x0800264c   0x0800264c   0x0000000c   Code   RO          866    i.xTaskGetTickCount  tasks.o
    0x08002658   0x08002658   0x00000148   Code   RO          868    i.xTaskIncrementTick  tasks.o
    0x080027a0   0x080027a0   0x000000bc   Code   RO          869    i.xTaskPriorityDisinherit  tasks.o
    0x0800285c   0x0800285c   0x00000098   Code   RO          871    i.xTaskRemoveFromEventList  tasks.o
    0x080028f4   0x080028f4   0x00000104   Code   RO          872    i.xTaskResumeAll    tasks.o
    0x080029f8   0x080029f8   0x00000054   Code   RO         1197    i.xTimerCreateTimerTask  timers.o
    0x08002a4c   0x08002a4c   0x00000084   Code   RO         1198    i.xTimerGenericCommand  timers.o
    0x08002ad0   0x08002ad0   0x00000020   Data   RO         3031    Region$$Table       anon$$obj.o


    Execution Region RW_IRAM2 (Exec base: 0x1fffc000, Load base: 0x08002b88, Size: 0x00000000, Max: 0x00004000, ABSOLUTE)

    **** No section assigned to this execution region ****


    Execution Region RW_IRAM1 (Exec base: 0x20000000, Load base: 0x08002af0, Size: 0x00009758, Max: 0x0000ffc0, ABSOLUTE)

    Exec Addr    Load Addr    Size         Type   Attr      Idx    E Section Name        Object

    0x20000000   0x08002af0   0x00000004   Data   RW          222    .data               usic.o
    0x20000004   0x08002af4   0x00000001   Data   RW          272    .data               var_init.o
    0x20000005   0x08002af5   0x00000003   PAD
    0x20000008   0x08002af8   0x0000000c   Data   RW          374    .data               sys_task.o
    0x20000014   0x08002b04   0x00000040   Data   RW          875    .data               tasks.o
    0x20000054   0x08002b44   0x00000014   Data   RW         1204    .data               timers.o
    0x20000068   0x08002b58   0x00000020   Data   RW         1337    .data               heap_4.o
    0x20000088   0x08002b78   0x0000000c   Data   RW         1393    .data               port.o
    0x20000094   0x08002b84   0x00000004   Data   RW         3005    .data               mc_w.l(stdout.o)
    0x20000098        -       0x00000190   Zero   RW          271    .bss                var_init.o
    0x20000228        -       0x00000040   Zero   RW          632    .bss                queue.o
    0x20000268        -       0x000000c8   Zero   RW          874    .bss                tasks.o
    0x20000330        -       0x00000028   Zero   RW         1203    .bss                timers.o
    0x20000358        -       0x00009000   Zero   RW         1336    .bss                heap_4.o
    0x20009358        -       0x00000400   Zero   RW         2650    STACK               startup_xmc4400.o



  Load Region LR$$.ARM.__AT_0x2000FFC0 (Base: 0x2000ffc0, Size: 0x00000000, Max: 0x00000004, ABSOLUTE)

    Execution Region ER$$.ARM.__AT_0x2000FFC0 (Exec base: 0x2000ffc0, Load base: 0x2000ffc0, Size: 0x00000004, Max: 0x00000004, ABSOLUTE, UNINIT)

    Exec Addr    Load Addr    Size         Type   Attr      Idx    E Section Name        Object

    0x2000ffc0        -       0x00000004   Zero   RW         2666    .ARM.__AT_0x2000FFC0  system_xmc4400.o



  Load Region LR$$.ARM.__AT_0x2000FFC4 (Base: 0x2000ffc4, Size: 0x00000000, Max: 0x00000010, ABSOLUTE)

    Execution Region ER$$.ARM.__AT_0x2000FFC4 (Exec base: 0x2000ffc4, Load base: 0x2000ffc4, Size: 0x00000010, Max: 0x00000010, ABSOLUTE, UNINIT)

    Exec Addr    Load Addr    Size         Type   Attr      Idx    E Section Name        Object

    0x2000ffc4        -       0x00000010   Zero   RW         2667    .ARM.__AT_0x2000FFC4  system_xmc4400.o



  Load Region LR$$.ARM.__AT_0x2000FFD4 (Base: 0x2000ffd4, Size: 0x00000000, Max: 0x0000000c, ABSOLUTE)

    Execution Region ER$$.ARM.__AT_0x2000FFD4 (Exec base: 0x2000ffd4, Load base: 0x2000ffd4, Size: 0x0000000c, Max: 0x0000000c, ABSOLUTE, UNINIT)

    Exec Addr    Load Addr    Size         Type   Attr      Idx    E Section Name        Object

    0x2000ffd4        -       0x0000000c   Zero   RW         2668    .ARM.__AT_0x2000FFD4  system_xmc4400.o


==============================================================================

Image component sizes


      Code (inc. data)   RO Data    RW Data    ZI Data      Debug   Object Name

         0          0          0          0          0      13640   event_groups.o
        96         10          0          0          0       6696   gpio.o
       780         76          0         32      36864       4631   heap_4.o
       222         30          0          0          0      37573   irq_handle.o
       148          0          0          0          0       3426   list.o
       126          8          0          0          0     529349   main.o
      1022         94          0         12          0      11537   port.o
      1944         18          0          0         64      16306   queue.o
        28         14        512          0       1024        484   startup_xmc4400.o
       322        132          0         12          0      14069   sys_task.o
       860         96          0          0         32       7300   system_xmc4400.o
      2914        394          0         64        200      28134   tasks.o
      1222        114          0         20         40      12115   timers.o
       360         22          0          4          0       1317   usic.o
         0          0          0          1        400        757   var_init.o
       184         10          0          0          0       1376   xmc4_gpio.o

    ----------------------------------------------------------------------
     10240       1018        544        148      38624     688710   Object Totals
         0          0         32          0          0          0   (incl. Generated)
        12          0          0          3          0          0   (incl. Padding)

    ----------------------------------------------------------------------

      Code (inc. data)   RO Data    RW Data    ZI Data      Debug   Library Member Name

         0          0          0          0          0          0   entry.o
         0          0          0          0          0          0   entry10a.o
         0          0          0          0          0          0   entry11a.o
         8          4          0          0          0          0   entry2.o
         4          0          0          0          0          0   entry5.o
         0          0          0          0          0          0   entry7b.o
         0          0          0          0          0          0   entry8b.o
         8          4          0          0          0          0   entry9a.o
        30          0          0          0          0          0   handlers.o
        36          8          0          0          0         68   init.o
        36          0          0          0          0         68   memcpya.o
        36          0          0          0          0        108   memseta.o
        50          8          0          0          0        152   printfb.o
         0          0          0          4          0          0   stdout.o

    ----------------------------------------------------------------------
       208         24          0          4          0        396   Library Totals
         0          0          0          0          0          0   (incl. Padding)

    ----------------------------------------------------------------------

      Code (inc. data)   RO Data    RW Data    ZI Data      Debug   Library Name

       208         24          0          4          0        396   mc_w.l

    ----------------------------------------------------------------------
       208         24          0          4          0        396   Library Totals

    ----------------------------------------------------------------------

==============================================================================


      Code (inc. data)   RO Data    RW Data    ZI Data      Debug   

     10448       1042        544        152      38624     680506   Grand Totals
     10448       1042        544        152      38624     680506   ELF Image Totals
     10448       1042        544        152          0          0   ROM Totals

==============================================================================

    Total RO  Size (Code + RO Data)                10992 (  10.73kB)
    Total RW  Size (RW Data + ZI Data)             38776 (  37.87kB)
    Total ROM Size (Code + RO Data + RW Data)      11144 (  10.88kB)

==============================================================================

